Archive member included to satisfy reference by file (symbol)

/opt/st/stm32cubeide_1.1.0/plugins/com.st.stm32cube.ide.mcu.externaltools.gnu-tools-for-stm32.7-2018-q2-update.linux64_1.0.0.201904181610/tools/bin/../lib/gcc/arm-none-eabi/7.3.1/../../../../arm-none-eabi/lib/thumb/v7e-m/fpv4-sp/hard/libc_nano.a(lib_a-exit.o)
                              /opt/st/stm32cubeide_1.1.0/plugins/com.st.stm32cube.ide.mcu.externaltools.gnu-tools-for-stm32.7-2018-q2-update.linux64_1.0.0.201904181610/tools/bin/../lib/gcc/arm-none-eabi/7.3.1/../../../../arm-none-eabi/lib/thumb/v7e-m/fpv4-sp/hard/crt0.o (exit)
/opt/st/stm32cubeide_1.1.0/plugins/com.st.stm32cube.ide.mcu.externaltools.gnu-tools-for-stm32.7-2018-q2-update.linux64_1.0.0.201904181610/tools/bin/../lib/gcc/arm-none-eabi/7.3.1/../../../../arm-none-eabi/lib/thumb/v7e-m/fpv4-sp/hard/libc_nano.a(lib_a-impure.o)
                              /opt/st/stm32cubeide_1.1.0/plugins/com.st.stm32cube.ide.mcu.externaltools.gnu-tools-for-stm32.7-2018-q2-update.linux64_1.0.0.201904181610/tools/bin/../lib/gcc/arm-none-eabi/7.3.1/../../../../arm-none-eabi/lib/thumb/v7e-m/fpv4-sp/hard/libc_nano.a(lib_a-exit.o) (_global_impure_ptr)
/opt/st/stm32cubeide_1.1.0/plugins/com.st.stm32cube.ide.mcu.externaltools.gnu-tools-for-stm32.7-2018-q2-update.linux64_1.0.0.201904181610/tools/bin/../lib/gcc/arm-none-eabi/7.3.1/../../../../arm-none-eabi/lib/thumb/v7e-m/fpv4-sp/hard/libc_nano.a(lib_a-init.o)
                              /opt/st/stm32cubeide_1.1.0/plugins/com.st.stm32cube.ide.mcu.externaltools.gnu-tools-for-stm32.7-2018-q2-update.linux64_1.0.0.201904181610/tools/bin/../lib/gcc/arm-none-eabi/7.3.1/../../../../arm-none-eabi/lib/thumb/v7e-m/fpv4-sp/hard/crt0.o (__libc_init_array)
/opt/st/stm32cubeide_1.1.0/plugins/com.st.stm32cube.ide.mcu.externaltools.gnu-tools-for-stm32.7-2018-q2-update.linux64_1.0.0.201904181610/tools/bin/../lib/gcc/arm-none-eabi/7.3.1/../../../../arm-none-eabi/lib/thumb/v7e-m/fpv4-sp/hard/libc_nano.a(lib_a-memcpy-stub.o)
                              Middlewares/Third_Party/FreeRTOS/Source/CMSIS_RTOS_V2/cmsis_os2.o (memcpy)
/opt/st/stm32cubeide_1.1.0/plugins/com.st.stm32cube.ide.mcu.externaltools.gnu-tools-for-stm32.7-2018-q2-update.linux64_1.0.0.201904181610/tools/bin/../lib/gcc/arm-none-eabi/7.3.1/../../../../arm-none-eabi/lib/thumb/v7e-m/fpv4-sp/hard/libc_nano.a(lib_a-memset.o)
                              /opt/st/stm32cubeide_1.1.0/plugins/com.st.stm32cube.ide.mcu.externaltools.gnu-tools-for-stm32.7-2018-q2-update.linux64_1.0.0.201904181610/tools/bin/../lib/gcc/arm-none-eabi/7.3.1/../../../../arm-none-eabi/lib/thumb/v7e-m/fpv4-sp/hard/crt0.o (memset)
/opt/st/stm32cubeide_1.1.0/plugins/com.st.stm32cube.ide.mcu.externaltools.gnu-tools-for-stm32.7-2018-q2-update.linux64_1.0.0.201904181610/tools/bin/../lib/gcc/arm-none-eabi/7.3.1/../../../../arm-none-eabi/lib/thumb/v7e-m/fpv4-sp/hard/libc_nano.a(lib_a-strlen.o)
                              TP-src/main.o (strlen)
/opt/st/stm32cubeide_1.1.0/plugins/com.st.stm32cube.ide.mcu.externaltools.gnu-tools-for-stm32.7-2018-q2-update.linux64_1.0.0.201904181610/tools/bin/../lib/gcc/arm-none-eabi/7.3.1/thumb/v7e-m/fpv4-sp/hard/libgcc.a(_aeabi_uldivmod.o)
                              Drivers/STM32F4xx_HAL_Driver/Src/stm32f4xx_hal_rcc.o (__aeabi_uldivmod)
/opt/st/stm32cubeide_1.1.0/plugins/com.st.stm32cube.ide.mcu.externaltools.gnu-tools-for-stm32.7-2018-q2-update.linux64_1.0.0.201904181610/tools/bin/../lib/gcc/arm-none-eabi/7.3.1/thumb/v7e-m/fpv4-sp/hard/libgcc.a(_udivmoddi4.o)
                              /opt/st/stm32cubeide_1.1.0/plugins/com.st.stm32cube.ide.mcu.externaltools.gnu-tools-for-stm32.7-2018-q2-update.linux64_1.0.0.201904181610/tools/bin/../lib/gcc/arm-none-eabi/7.3.1/thumb/v7e-m/fpv4-sp/hard/libgcc.a(_aeabi_uldivmod.o) (__udivmoddi4)
/opt/st/stm32cubeide_1.1.0/plugins/com.st.stm32cube.ide.mcu.externaltools.gnu-tools-for-stm32.7-2018-q2-update.linux64_1.0.0.201904181610/tools/bin/../lib/gcc/arm-none-eabi/7.3.1/thumb/v7e-m/fpv4-sp/hard/libgcc.a(_dvmd_tls.o)
                              /opt/st/stm32cubeide_1.1.0/plugins/com.st.stm32cube.ide.mcu.externaltools.gnu-tools-for-stm32.7-2018-q2-update.linux64_1.0.0.201904181610/tools/bin/../lib/gcc/arm-none-eabi/7.3.1/thumb/v7e-m/fpv4-sp/hard/libgcc.a(_aeabi_uldivmod.o) (__aeabi_ldiv0)
/opt/st/stm32cubeide_1.1.0/plugins/com.st.stm32cube.ide.mcu.externaltools.gnu-tools-for-stm32.7-2018-q2-update.linux64_1.0.0.201904181610/tools/bin/../lib/gcc/arm-none-eabi/7.3.1/../../../../arm-none-eabi/lib/thumb/v7e-m/fpv4-sp/hard/libnosys.a(_exit.o)
                              /opt/st/stm32cubeide_1.1.0/plugins/com.st.stm32cube.ide.mcu.externaltools.gnu-tools-for-stm32.7-2018-q2-update.linux64_1.0.0.201904181610/tools/bin/../lib/gcc/arm-none-eabi/7.3.1/../../../../arm-none-eabi/lib/thumb/v7e-m/fpv4-sp/hard/libc_nano.a(lib_a-exit.o) (_exit)

Allocating common symbols
Common symbol       size              file

secondTaskHandle    0x4               TP-src/main.o
[...]
Memory Configuration

Name             Origin             Length             Attributes
RAM              0x0000000020000000 0x0000000000020000 xrw
FLASH            0x0000000008000000 0x0000000000080000 xr
*default*        0x0000000000000000 0xffffffffffffffff

Linker script and memory map

LOAD /opt/st/stm32cubeide_1.1.0/plugins/com.st.stm32cube.ide.mcu.externaltools.gnu-tools-for-stm32.7-2018-q2-update.linux64_1.0.0.201904181610/tools/bin/../lib/gcc/arm-none-eabi/7.3.1/thumb/v7e-m/fpv4-sp/hard/crti.o
LOAD /opt/st/stm32cubeide_1.1.0/plugins/com.st.stm32cube.ide.mcu.externaltools.gnu-tools-for-stm32.7-2018-q2-update.linux64_1.0.0.201904181610/tools/bin/../lib/gcc/arm-none-eabi/7.3.1/thumb/v7e-m/fpv4-sp/hard/crtbegin.o
LOAD /opt/st/stm32cubeide_1.1.0/plugins/com.st.stm32cube.ide.mcu.externaltools.gnu-tools-for-stm32.7-2018-q2-update.linux64_1.0.0.201904181610/tools/bin/../lib/gcc/arm-none-eabi/7.3.1/../../../../arm-none-eabi/lib/thumb/v7e-m/fpv4-sp/hard/crt0.o
LOAD Core/Src/freertos.o
LOAD Core/Src/stm32f4xx_hal_msp.o
LOAD Core/Src/stm32f4xx_it.o
LOAD Core/Src/system_stm32f4xx.o
LOAD Drivers/STM32F4xx_HAL_Driver/Src/stm32f4xx_hal.o
LOAD Drivers/STM32F4xx_HAL_Driver/Src/stm32f4xx_hal_cortex.o
LOAD Drivers/STM32F4xx_HAL_Driver/Src/stm32f4xx_hal_dma.o
LOAD Drivers/STM32F4xx_HAL_Driver/Src/stm32f4xx_hal_dma_ex.o
LOAD Drivers/STM32F4xx_HAL_Driver/Src/stm32f4xx_hal_exti.o
LOAD Drivers/STM32F4xx_HAL_Driver/Src/stm32f4xx_hal_flash.o
LOAD Drivers/STM32F4xx_HAL_Driver/Src/stm32f4xx_hal_flash_ex.o
LOAD Drivers/STM32F4xx_HAL_Driver/Src/stm32f4xx_hal_flash_ramfunc.o
LOAD Drivers/STM32F4xx_HAL_Driver/Src/stm32f4xx_hal_gpio.o
LOAD Drivers/STM32F4xx_HAL_Driver/Src/stm32f4xx_hal_i2c.o
LOAD Drivers/STM32F4xx_HAL_Driver/Src/stm32f4xx_hal_i2c_ex.o
LOAD Drivers/STM32F4xx_HAL_Driver/Src/stm32f4xx_hal_pwr.o
LOAD Drivers/STM32F4xx_HAL_Driver/Src/stm32f4xx_hal_pwr_ex.o
LOAD Drivers/STM32F4xx_HAL_Driver/Src/stm32f4xx_hal_rcc.o
LOAD Drivers/STM32F4xx_HAL_Driver/Src/stm32f4xx_hal_rcc_ex.o
LOAD Drivers/STM32F4xx_HAL_Driver/Src/stm32f4xx_hal_spi.o
LOAD Drivers/STM32F4xx_HAL_Driver/Src/stm32f4xx_hal_tim.o
LOAD Drivers/STM32F4xx_HAL_Driver/Src/stm32f4xx_hal_tim_ex.o
LOAD Drivers/STM32F4xx_HAL_Driver/Src/stm32f4xx_hal_uart.o
LOAD Middlewares/Third_Party/FreeRTOS/Source/CMSIS_RTOS_V2/cmsis_os2.o
LOAD Middlewares/Third_Party/FreeRTOS/Source/croutine.o
LOAD Middlewares/Third_Party/FreeRTOS/Source/event_groups.o
LOAD Middlewares/Third_Party/FreeRTOS/Source/list.o
LOAD Middlewares/Third_Party/FreeRTOS/Source/queue.o
LOAD Middlewares/Third_Party/FreeRTOS/Source/stream_buffer.o
LOAD Middlewares/Third_Party/FreeRTOS/Source/tasks.o
LOAD Middlewares/Third_Party/FreeRTOS/Source/timers.o
LOAD Middlewares/Third_Party/FreeRTOS/Source/portable/GCC/ARM_CM4F/port.o
LOAD Middlewares/Third_Party/FreeRTOS/Source/portable/MemMang/heap_2.o
LOAD Startup/startup_stm32f411vetx.o
LOAD TP-ext/finalize_hardware_init.o
LOAD TP-src/main.o
START GROUP
LOAD /opt/st/stm32cubeide_1.1.0/plugins/com.st.stm32cube.ide.mcu.externaltools.gnu-tools-for-stm32.7-2018-q2-update.linux64_1.0.0.201904181610/tools/bin/../lib/gcc/arm-none-eabi/7.3.1/../../../../arm-none-eabi/lib/thumb/v7e-m/fpv4-sp/hard/libc_nano.a
LOAD /opt/st/stm32cubeide_1.1.0/plugins/com.st.stm32cube.ide.mcu.externaltools.gnu-tools-for-stm32.7-2018-q2-update.linux64_1.0.0.201904181610/tools/bin/../lib/gcc/arm-none-eabi/7.3.1/../../../../arm-none-eabi/lib/thumb/v7e-m/fpv4-sp/hard/libm.a
END GROUP
START GROUP
LOAD /opt/st/stm32cubeide_1.1.0/plugins/com.st.stm32cube.ide.mcu.externaltools.gnu-tools-for-stm32.7-2018-q2-update.linux64_1.0.0.201904181610/tools/bin/../lib/gcc/arm-none-eabi/7.3.1/thumb/v7e-m/fpv4-sp/hard/libgcc.a
LOAD /opt/st/stm32cubeide_1.1.0/plugins/com.st.stm32cube.ide.mcu.externaltools.gnu-tools-for-stm32.7-2018-q2-update.linux64_1.0.0.201904181610/tools/bin/../lib/gcc/arm-none-eabi/7.3.1/../../../../arm-none-eabi/lib/thumb/v7e-m/fpv4-sp/hard/libc_nano.a
END GROUP
START GROUP
LOAD /opt/st/stm32cubeide_1.1.0/plugins/com.st.stm32cube.ide.mcu.externaltools.gnu-tools-for-stm32.7-2018-q2-update.linux64_1.0.0.201904181610/tools/bin/../lib/gcc/arm-none-eabi/7.3.1/thumb/v7e-m/fpv4-sp/hard/libgcc.a
LOAD /opt/st/stm32cubeide_1.1.0/plugins/com.st.stm32cube.ide.mcu.externaltools.gnu-tools-for-stm32.7-2018-q2-update.linux64_1.0.0.201904181610/tools/bin/../lib/gcc/arm-none-eabi/7.3.1/../../../../arm-none-eabi/lib/thumb/v7e-m/fpv4-sp/hard/libc_nano.a
LOAD /opt/st/stm32cubeide_1.1.0/plugins/com.st.stm32cube.ide.mcu.externaltools.gnu-tools-for-stm32.7-2018-q2-update.linux64_1.0.0.201904181610/tools/bin/../lib/gcc/arm-none-eabi/7.3.1/../../../../arm-none-eabi/lib/thumb/v7e-m/fpv4-sp/hard/libnosys.a
END GROUP
START GROUP
LOAD /opt/st/stm32cubeide_1.1.0/plugins/com.st.stm32cube.ide.mcu.externaltools.gnu-tools-for-stm32.7-2018-q2-update.linux64_1.0.0.201904181610/tools/bin/../lib/gcc/arm-none-eabi/7.3.1/thumb/v7e-m/fpv4-sp/hard/libgcc.a
LOAD /opt/st/stm32cubeide_1.1.0/plugins/com.st.stm32cube.ide.mcu.externaltools.gnu-tools-for-stm32.7-2018-q2-update.linux64_1.0.0.201904181610/tools/bin/../lib/gcc/arm-none-eabi/7.3.1/../../../../arm-none-eabi/lib/thumb/v7e-m/fpv4-sp/hard/libc_nano.a
LOAD /opt/st/stm32cubeide_1.1.0/plugins/com.st.stm32cube.ide.mcu.externaltools.gnu-tools-for-stm32.7-2018-q2-update.linux64_1.0.0.201904181610/tools/bin/../lib/gcc/arm-none-eabi/7.3.1/../../../../arm-none-eabi/lib/thumb/v7e-m/fpv4-sp/hard/libnosys.a
END GROUP
LOAD /opt/st/stm32cubeide_1.1.0/plugins/com.st.stm32cube.ide.mcu.externaltools.gnu-tools-for-stm32.7-2018-q2-update.linux64_1.0.0.201904181610/tools/bin/../lib/gcc/arm-none-eabi/7.3.1/thumb/v7e-m/fpv4-sp/hard/crtend.o
LOAD /opt/st/stm32cubeide_1.1.0/plugins/com.st.stm32cube.ide.mcu.externaltools.gnu-tools-for-stm32.7-2018-q2-update.linux64_1.0.0.201904181610/tools/bin/../lib/gcc/arm-none-eabi/7.3.1/thumb/v7e-m/fpv4-sp/hard/crtn.o
                0x0000000020020000                _estack = 0x20020000
                0x0000000000000200                _Min_Heap_Size = 0x200
                0x0000000000000400                _Min_Stack_Size = 0x400

.isr_vector     0x0000000008000000      0x198
                0x0000000008000000                . = ALIGN (0x4)
 *(.isr_vector)
 .isr_vector    0x0000000008000000      0x198 Startup/startup_stm32f411vetx.o
                0x0000000008000000                g_pfnVectors
                0x0000000008000198                . = ALIGN (0x4)

.text           0x00000000080001a0     0x6264
                0x00000000080001a0                . = ALIGN (0x4)
 *(.text)
 .text          0x00000000080001a0       0x40 /opt/st/stm32cubeide_1.1.0/plugins/com.st.stm32cube.ide.mcu.externaltools.gnu-tools-for-stm32.7-2018-q2-update.linux64_1.0.0.201904181610/tools/bin/../lib/gcc/arm-none-eabi/7.3.1/thumb/v7e-m/fpv4-sp/hard/crtbegin.o
 .text          0x00000000080001e0       0x10 /opt/st/stm32cubeide_1.1.0/plugins/com.st.stm32cube.ide.mcu.externaltools.gnu-tools-for-stm32.7-2018-q2-update.linux64_1.0.0.201904181610/tools/bin/../lib/gcc/arm-none-eabi/7.3.1/../../../../arm-none-eabi/lib/thumb/v7e-m/fpv4-sp/hard/libc_nano.a(lib_a-strlen.o)
                0x00000000080001e0                strlen
 .text          0x00000000080001f0       0x30 /opt/st/stm32cubeide_1.1.0/plugins/com.st.stm32cube.ide.mcu.externaltools.gnu-tools-for-stm32.7-2018-q2-update.linux64_1.0.0.201904181610/tools/bin/../lib/gcc/arm-none-eabi/7.3.1/thumb/v7e-m/fpv4-sp/hard/libgcc.a(_aeabi_uldivmod.o)
                0x00000000080001f0                __aeabi_uldivmod
 .text          0x0000000008000220      0x2cc /opt/st/stm32cubeide_1.1.0/plugins/com.st.stm32cube.ide.mcu.externaltools.gnu-tools-for-stm32.7-2018-q2-update.linux64_1.0.0.201904181610/tools/bin/../lib/gcc/arm-none-eabi/7.3.1/thumb/v7e-m/fpv4-sp/hard/libgcc.a(_udivmoddi4.o)
                0x0000000008000220                __udivmoddi4
 .text          0x00000000080004ec        0x4 /opt/st/stm32cubeide_1.1.0/plugins/com.st.stm32cube.ide.mcu.externaltools.gnu-tools-for-stm32.7-2018-q2-update.linux64_1.0.0.201904181610/tools/bin/../lib/gcc/arm-none-eabi/7.3.1/thumb/v7e-m/fpv4-sp/hard/libgcc.a(_dvmd_tls.o)
                0x00000000080004ec                __aeabi_ldiv0
                0x00000000080004ec                __aeabi_idiv0
 *(.text*)
 .text.HAL_MspInit
                0x00000000080004f0       0x58 Core/Src/stm32f4xx_hal_msp.o
                0x00000000080004f0                HAL_MspInit
 .text.HAL_I2C_MspInit
                0x0000000008000548       0x90 Core/Src/stm32f4xx_hal_msp.o
                0x0000000008000548                HAL_I2C_MspInit
 .text.HAL_SPI_MspInit
                0x00000000080005d8       0x90 Core/Src/stm32f4xx_hal_msp.o
                0x00000000080005d8                HAL_SPI_MspInit
 .text.HAL_TIM_Base_MspInit
                0x0000000008000668       0x50 Core/Src/stm32f4xx_hal_msp.o
                0x0000000008000668                HAL_TIM_Base_MspInit
 .text.HAL_TIM_MspPostInit
                0x00000000080006b8       0x74 Core/Src/stm32f4xx_hal_msp.o
                0x00000000080006b8                HAL_TIM_MspPostInit
 .text.HAL_UART_MspInit
                0x000000000800072c       0xd0 Core/Src/stm32f4xx_hal_msp.o
                0x000000000800072c                HAL_UART_MspInit
 .text.NMI_Handler
                0x00000000080007fc        0xe Core/Src/stm32f4xx_it.o
                0x00000000080007fc                NMI_Handler
 .text.HardFault_Handler
                0x000000000800080a        0x6 Core/Src/stm32f4xx_it.o
                0x000000000800080a                HardFault_Handler
 .text.MemManage_Handler
                0x0000000008000810        0x6 Core/Src/stm32f4xx_it.o
                0x0000000008000810                MemManage_Handler
 .text.BusFault_Handler
                0x0000000008000816        0x6 Core/Src/stm32f4xx_it.o
                0x0000000008000816                BusFault_Handler
 .text.UsageFault_Handler
                0x000000000800081c        0x6 Core/Src/stm32f4xx_it.o
                0x000000000800081c                UsageFault_Handler
 .text.DebugMon_Handler
                0x0000000008000822        0xe Core/Src/stm32f4xx_it.o
                0x0000000008000822                DebugMon_Handler
 .text.SysTick_Handler
                0x0000000008000830       0x1a Core/Src/stm32f4xx_it.o
                0x0000000008000830                SysTick_Handler
 .text.EXTI1_IRQHandler
                0x000000000800084a        0xe Core/Src/stm32f4xx_it.o
                0x000000000800084a                EXTI1_IRQHandler
 .text.EXTI0_IRQHandler
                0x0000000008000858        0xe Core/Src/stm32f4xx_it.o
                0x0000000008000858                EXTI0_IRQHandler
 *fill*         0x0000000008000866        0x2 
 .text.TIM3_IRQHandler
                0x0000000008000868       0x14 Core/Src/stm32f4xx_it.o
                0x0000000008000868                TIM3_IRQHandler
 .text.SystemInit
                0x000000000800087c       0x6c Core/Src/system_stm32f4xx.o
                0x000000000800087c                SystemInit
 .text.HAL_Init
                0x00000000080008e8       0x44 Drivers/STM32F4xx_HAL_Driver/Src/stm32f4xx_hal.o
                0x00000000080008e8                HAL_Init
 .text.HAL_InitTick
                0x000000000800092c       0x60 Drivers/STM32F4xx_HAL_Driver/Src/stm32f4xx_hal.o
                0x000000000800092c                HAL_InitTick
 .text.HAL_IncTick
                0x000000000800098c       0x28 Drivers/STM32F4xx_HAL_Driver/Src/stm32f4xx_hal.o
                0x000000000800098c                HAL_IncTick
 .text.HAL_GetTick
                0x00000000080009b4       0x18 Drivers/STM32F4xx_HAL_Driver/Src/stm32f4xx_hal.o
                0x00000000080009b4                HAL_GetTick
 .text.__NVIC_SetPriorityGrouping
                0x00000000080009cc       0x48 Drivers/STM32F4xx_HAL_Driver/Src/stm32f4xx_hal_cortex.o
 .text.__NVIC_GetPriorityGrouping
                0x0000000008000a14       0x1c Drivers/STM32F4xx_HAL_Driver/Src/stm32f4xx_hal_cortex.o
 .text.__NVIC_EnableIRQ
                0x0000000008000a30       0x3c Drivers/STM32F4xx_HAL_Driver/Src/stm32f4xx_hal_cortex.o
 .text.__NVIC_SetPriority
                0x0000000008000a6c       0x54 Drivers/STM32F4xx_HAL_Driver/Src/stm32f4xx_hal_cortex.o
 .text.NVIC_EncodePriority
                0x0000000008000ac0       0x66 Drivers/STM32F4xx_HAL_Driver/Src/stm32f4xx_hal_cortex.o
 *fill*         0x0000000008000b26        0x2 
 .text.SysTick_Config
                0x0000000008000b28       0x44 Drivers/STM32F4xx_HAL_Driver/Src/stm32f4xx_hal_cortex.o
 .text.HAL_NVIC_SetPriorityGrouping
                0x0000000008000b6c       0x16 Drivers/STM32F4xx_HAL_Driver/Src/stm32f4xx_hal_cortex.o
                0x0000000008000b6c                HAL_NVIC_SetPriorityGrouping
 .text.HAL_NVIC_SetPriority
                0x0000000008000b82       0x38 Drivers/STM32F4xx_HAL_Driver/Src/stm32f4xx_hal_cortex.o
                0x0000000008000b82                HAL_NVIC_SetPriority
 .text.HAL_NVIC_EnableIRQ
                0x0000000008000bba       0x1c Drivers/STM32F4xx_HAL_Driver/Src/stm32f4xx_hal_cortex.o
                0x0000000008000bba                HAL_NVIC_EnableIRQ
 .text.HAL_SYSTICK_Config
                0x0000000008000bd6       0x18 Drivers/STM32F4xx_HAL_Driver/Src/stm32f4xx_hal_cortex.o
                0x0000000008000bd6                HAL_SYSTICK_Config
 *fill*         0x0000000008000bee        0x2 
 .text.HAL_GPIO_Init
                0x0000000008000bf0      0x304 Drivers/STM32F4xx_HAL_Driver/Src/stm32f4xx_hal_gpio.o
                0x0000000008000bf0                HAL_GPIO_Init
 .text.HAL_GPIO_WritePin
                0x0000000008000ef4       0x32 Drivers/STM32F4xx_HAL_Driver/Src/stm32f4xx_hal_gpio.o
                0x0000000008000ef4                HAL_GPIO_WritePin
 .text.HAL_GPIO_TogglePin
                0x0000000008000f26       0x36 Drivers/STM32F4xx_HAL_Driver/Src/stm32f4xx_hal_gpio.o
                0x0000000008000f26                HAL_GPIO_TogglePin
 .text.HAL_GPIO_EXTI_IRQHandler
                0x0000000008000f5c       0x30 Drivers/STM32F4xx_HAL_Driver/Src/stm32f4xx_hal_gpio.o
                0x0000000008000f5c                HAL_GPIO_EXTI_IRQHandler
 .text.HAL_I2C_Init
                0x0000000008000f8c      0x250 Drivers/STM32F4xx_HAL_Driver/Src/stm32f4xx_hal_i2c.o
                0x0000000008000f8c                HAL_I2C_Init
 .text.HAL_RCC_OscConfig
                0x00000000080011dc      0x484 Drivers/STM32F4xx_HAL_Driver/Src/stm32f4xx_hal_rcc.o
                0x00000000080011dc                HAL_RCC_OscConfig
 .text.HAL_RCC_ClockConfig
                0x0000000008001660      0x1c4 Drivers/STM32F4xx_HAL_Driver/Src/stm32f4xx_hal_rcc.o
                0x0000000008001660                HAL_RCC_ClockConfig
 .text.HAL_RCC_GetSysClockFreq
                0x0000000008001824      0x1b0 Drivers/STM32F4xx_HAL_Driver/Src/stm32f4xx_hal_rcc.o
                0x0000000008001824                HAL_RCC_GetSysClockFreq
 .text.HAL_RCC_GetHCLKFreq
                0x00000000080019d4       0x18 Drivers/STM32F4xx_HAL_Driver/Src/stm32f4xx_hal_rcc.o
                0x00000000080019d4                HAL_RCC_GetHCLKFreq
 .text.HAL_RCC_GetPCLK1Freq
                0x00000000080019ec       0x28 Drivers/STM32F4xx_HAL_Driver/Src/stm32f4xx_hal_rcc.o
                0x00000000080019ec                HAL_RCC_GetPCLK1Freq
 .text.HAL_RCC_GetPCLK2Freq
                0x0000000008001a14       0x28 Drivers/STM32F4xx_HAL_Driver/Src/stm32f4xx_hal_rcc.o
                0x0000000008001a14                HAL_RCC_GetPCLK2Freq
 .text.HAL_SPI_Init
                0x0000000008001a3c       0xc8 Drivers/STM32F4xx_HAL_Driver/Src/stm32f4xx_hal_spi.o
                0x0000000008001a3c                HAL_SPI_Init
 .text.HAL_TIM_Base_Init
                0x0000000008001b04       0x56 Drivers/STM32F4xx_HAL_Driver/Src/stm32f4xx_hal_tim.o
                0x0000000008001b04                HAL_TIM_Base_Init
 .text.HAL_TIM_OC_Init
                0x0000000008001b5a       0x56 Drivers/STM32F4xx_HAL_Driver/Src/stm32f4xx_hal_tim.o
                0x0000000008001b5a                HAL_TIM_OC_Init
 .text.HAL_TIM_OC_MspInit
                0x0000000008001bb0       0x14 Drivers/STM32F4xx_HAL_Driver/Src/stm32f4xx_hal_tim.o
                0x0000000008001bb0                HAL_TIM_OC_MspInit
 .text.HAL_TIM_IRQHandler
                0x0000000008001bc4      0x210 Drivers/STM32F4xx_HAL_Driver/Src/stm32f4xx_hal_tim.o
                0x0000000008001bc4                HAL_TIM_IRQHandler
 .text.HAL_TIM_OC_ConfigChannel
                0x0000000008001dd4       0xc0 Drivers/STM32F4xx_HAL_Driver/Src/stm32f4xx_hal_tim.o
                0x0000000008001dd4                HAL_TIM_OC_ConfigChannel
 .text.HAL_TIM_ConfigClockSource
                0x0000000008001e94      0x16e Drivers/STM32F4xx_HAL_Driver/Src/stm32f4xx_hal_tim.o
                0x0000000008001e94                HAL_TIM_ConfigClockSource
 .text.HAL_TIM_PeriodElapsedCallback
                0x0000000008002002       0x14 Drivers/STM32F4xx_HAL_Driver/Src/stm32f4xx_hal_tim.o
                0x0000000008002002                HAL_TIM_PeriodElapsedCallback
 .text.HAL_TIM_OC_DelayElapsedCallback
                0x0000000008002016       0x14 Drivers/STM32F4xx_HAL_Driver/Src/stm32f4xx_hal_tim.o
                0x0000000008002016                HAL_TIM_OC_DelayElapsedCallback
 .text.HAL_TIM_IC_CaptureCallback
                0x000000000800202a       0x14 Drivers/STM32F4xx_HAL_Driver/Src/stm32f4xx_hal_tim.o
                0x000000000800202a                HAL_TIM_IC_CaptureCallback
 .text.HAL_TIM_PWM_PulseFinishedCallback
                0x000000000800203e       0x14 Drivers/STM32F4xx_HAL_Driver/Src/stm32f4xx_hal_tim.o
                0x000000000800203e                HAL_TIM_PWM_PulseFinishedCallback
 .text.HAL_TIM_TriggerCallback
                0x0000000008002052       0x14 Drivers/STM32F4xx_HAL_Driver/Src/stm32f4xx_hal_tim.o
                0x0000000008002052                HAL_TIM_TriggerCallback
 *fill*         0x0000000008002066        0x2 
 .text.TIM_Base_SetConfig
                0x0000000008002068      0x100 Drivers/STM32F4xx_HAL_Driver/Src/stm32f4xx_hal_tim.o
                0x0000000008002068                TIM_Base_SetConfig
 .text.TIM_OC1_SetConfig
                0x0000000008002168       0xcc Drivers/STM32F4xx_HAL_Driver/Src/stm32f4xx_hal_tim.o
 .text.TIM_OC2_SetConfig
                0x0000000008002234       0xd8 Drivers/STM32F4xx_HAL_Driver/Src/stm32f4xx_hal_tim.o
                0x0000000008002234                TIM_OC2_SetConfig
 .text.TIM_OC3_SetConfig
                0x000000000800230c       0xd4 Drivers/STM32F4xx_HAL_Driver/Src/stm32f4xx_hal_tim.o
 .text.TIM_OC4_SetConfig
                0x00000000080023e0       0xa0 Drivers/STM32F4xx_HAL_Driver/Src/stm32f4xx_hal_tim.o
 .text.TIM_TI1_ConfigInputStage
                0x0000000008002480       0x5e Drivers/STM32F4xx_HAL_Driver/Src/stm32f4xx_hal_tim.o
 .text.TIM_TI2_ConfigInputStage
                0x00000000080024de       0x60 Drivers/STM32F4xx_HAL_Driver/Src/stm32f4xx_hal_tim.o
 .text.TIM_ITRx_SetConfig
                0x000000000800253e       0x36 Drivers/STM32F4xx_HAL_Driver/Src/stm32f4xx_hal_tim.o
 .text.TIM_ETR_SetConfig
                0x0000000008002574       0x40 Drivers/STM32F4xx_HAL_Driver/Src/stm32f4xx_hal_tim.o
                0x0000000008002574                TIM_ETR_SetConfig
 .text.HAL_TIMEx_MasterConfigSynchronization
                0x00000000080025b4       0x8a Drivers/STM32F4xx_HAL_Driver/Src/stm32f4xx_hal_tim_ex.o
                0x00000000080025b4                HAL_TIMEx_MasterConfigSynchronization
 .text.HAL_TIMEx_CommutCallback
                0x000000000800263e       0x14 Drivers/STM32F4xx_HAL_Driver/Src/stm32f4xx_hal_tim_ex.o
                0x000000000800263e                HAL_TIMEx_CommutCallback
 .text.HAL_TIMEx_BreakCallback
                0x0000000008002652       0x14 Drivers/STM32F4xx_HAL_Driver/Src/stm32f4xx_hal_tim_ex.o
                0x0000000008002652                HAL_TIMEx_BreakCallback
 .text.HAL_UART_Init
                0x0000000008002666       0x9a Drivers/STM32F4xx_HAL_Driver/Src/stm32f4xx_hal_uart.o
                0x0000000008002666                HAL_UART_Init
 .text.HAL_UART_Transmit
                0x0000000008002700      0x132 Drivers/STM32F4xx_HAL_Driver/Src/stm32f4xx_hal_uart.o
                0x0000000008002700                HAL_UART_Transmit
 .text.UART_WaitOnFlagUntilTimeout
                0x0000000008002832       0x94 Drivers/STM32F4xx_HAL_Driver/Src/stm32f4xx_hal_uart.o
 *fill*         0x00000000080028c6        0x2 
 .text.UART_SetConfig
                0x00000000080028c8      0x414 Drivers/STM32F4xx_HAL_Driver/Src/stm32f4xx_hal_uart.o
 .text.osKernelInitialize
                0x0000000008002cdc       0x68 Middlewares/Third_Party/FreeRTOS/Source/CMSIS_RTOS_V2/cmsis_os2.o
                0x0000000008002cdc                osKernelInitialize
 .text.osKernelStart
                0x0000000008002d44       0x68 Middlewares/Third_Party/FreeRTOS/Source/CMSIS_RTOS_V2/cmsis_os2.o
                0x0000000008002d44                osKernelStart
 .text.osThreadNew
                0x0000000008002dac      0x154 Middlewares/Third_Party/FreeRTOS/Source/CMSIS_RTOS_V2/cmsis_os2.o
                0x0000000008002dac                osThreadNew
 .text.osDelay  0x0000000008002f00       0x5c Middlewares/Third_Party/FreeRTOS/Source/CMSIS_RTOS_V2/cmsis_os2.o
                0x0000000008002f00                osDelay
 .text.vApplicationGetIdleTaskMemory
                0x0000000008002f5c       0x34 Middlewares/Third_Party/FreeRTOS/Source/CMSIS_RTOS_V2/cmsis_os2.o
                0x0000000008002f5c                vApplicationGetIdleTaskMemory
 .text.vApplicationGetTimerTaskMemory
                0x0000000008002f90       0x34 Middlewares/Third_Party/FreeRTOS/Source/CMSIS_RTOS_V2/cmsis_os2.o
                0x0000000008002f90                vApplicationGetTimerTaskMemory
 .text.vListInitialise
                0x0000000008002fc4       0x40 Middlewares/Third_Party/FreeRTOS/Source/list.o
                0x0000000008002fc4                vListInitialise
 .text.vListInitialiseItem
                0x0000000008003004       0x1a Middlewares/Third_Party/FreeRTOS/Source/list.o
                0x0000000008003004                vListInitialiseItem
 .text.vListInsertEnd
                0x000000000800301e       0x48 Middlewares/Third_Party/FreeRTOS/Source/list.o
                0x000000000800301e                vListInsertEnd
 .text.vListInsert
                0x0000000008003066       0x72 Middlewares/Third_Party/FreeRTOS/Source/list.o
                0x0000000008003066                vListInsert
 .text.uxListRemove
                0x00000000080030d8       0x54 Middlewares/Third_Party/FreeRTOS/Source/list.o
                0x00000000080030d8                uxListRemove
 .text.xQueueGenericReset
                0x000000000800312c       0xd0 Middlewares/Third_Party/FreeRTOS/Source/queue.o
                0x000000000800312c                xQueueGenericReset
 .text.xQueueGenericCreateStatic
                0x00000000080031fc       0xe4 Middlewares/Third_Party/FreeRTOS/Source/queue.o
                0x00000000080031fc                xQueueGenericCreateStatic
 .text.xQueueGenericCreate
                0x00000000080032e0       0x7a Middlewares/Third_Party/FreeRTOS/Source/queue.o
                0x00000000080032e0                xQueueGenericCreate
 .text.prvInitialiseNewQueue
                0x000000000800335a       0x46 Middlewares/Third_Party/FreeRTOS/Source/queue.o
 .text.xQueueGenericSend
                0x00000000080033a0      0x1f4 Middlewares/Third_Party/FreeRTOS/Source/queue.o
                0x00000000080033a0                xQueueGenericSend
 .text.xQueueGenericSendFromISR
                0x0000000008003594      0x128 Middlewares/Third_Party/FreeRTOS/Source/queue.o
                0x0000000008003594                xQueueGenericSendFromISR
 .text.xQueueGiveFromISR
                0x00000000080036bc      0x112 Middlewares/Third_Party/FreeRTOS/Source/queue.o
                0x00000000080036bc                xQueueGiveFromISR
 *fill*         0x00000000080037ce        0x2 
 .text.xQueueReceive
                0x00000000080037d0      0x1b8 Middlewares/Third_Party/FreeRTOS/Source/queue.o
                0x00000000080037d0                xQueueReceive
 .text.xQueueSemaphoreTake
                0x0000000008003988      0x210 Middlewares/Third_Party/FreeRTOS/Source/queue.o
                0x0000000008003988                xQueueSemaphoreTake
 .text.prvGetDisinheritPriorityAfterTimeout
                0x0000000008003b98       0x30 Middlewares/Third_Party/FreeRTOS/Source/queue.o
 .text.prvCopyDataToQueue
                0x0000000008003bc8       0xd4 Middlewares/Third_Party/FreeRTOS/Source/queue.o
 .text.prvCopyDataFromQueue
                0x0000000008003c9c       0x4c Middlewares/Third_Party/FreeRTOS/Source/queue.o
 .text.prvUnlockQueue
                0x0000000008003ce8       0xa4 Middlewares/Third_Party/FreeRTOS/Source/queue.o
 .text.prvIsQueueEmpty
                0x0000000008003d8c       0x2c Middlewares/Third_Party/FreeRTOS/Source/queue.o
 .text.prvIsQueueFull
                0x0000000008003db8       0x30 Middlewares/Third_Party/FreeRTOS/Source/queue.o
 .text.vQueueAddToRegistry
                0x0000000008003de8       0x50 Middlewares/Third_Party/FreeRTOS/Source/queue.o
                0x0000000008003de8                vQueueAddToRegistry
 .text.vQueueWaitForMessageRestricted
                0x0000000008003e38       0x68 Middlewares/Third_Party/FreeRTOS/Source/queue.o
                0x0000000008003e38                vQueueWaitForMessageRestricted
 .text.xTaskCreateStatic
                0x0000000008003ea0       0xb2 Middlewares/Third_Party/FreeRTOS/Source/tasks.o
                0x0000000008003ea0                xTaskCreateStatic
 .text.xTaskCreate
                0x0000000008003f52       0x8a Middlewares/Third_Party/FreeRTOS/Source/tasks.o
                0x0000000008003f52                xTaskCreate
 .text.prvInitialiseNewTask
                0x0000000008003fdc      0x10c Middlewares/Third_Party/FreeRTOS/Source/tasks.o
 .text.prvAddNewTaskToReadyList
                0x00000000080040e8       0xe0 Middlewares/Third_Party/FreeRTOS/Source/tasks.o
 .text.vTaskDelay
                0x00000000080041c8       0x68 Middlewares/Third_Party/FreeRTOS/Source/tasks.o
                0x00000000080041c8                vTaskDelay
 .text.vTaskStartScheduler
                0x0000000008004230       0xc8 Middlewares/Third_Party/FreeRTOS/Source/tasks.o
                0x0000000008004230                vTaskStartScheduler
 .text.vTaskSuspendAll
                0x00000000080042f8       0x1c Middlewares/Third_Party/FreeRTOS/Source/tasks.o
                0x00000000080042f8                vTaskSuspendAll
 .text.xTaskResumeAll
                0x0000000008004314      0x138 Middlewares/Third_Party/FreeRTOS/Source/tasks.o
                0x0000000008004314                xTaskResumeAll
 .text.xTaskGetTickCount
                0x000000000800444c       0x20 Middlewares/Third_Party/FreeRTOS/Source/tasks.o
                0x000000000800444c                xTaskGetTickCount
 .text.xTaskIncrementTick
                0x000000000800446c      0x17c Middlewares/Third_Party/FreeRTOS/Source/tasks.o
                0x000000000800446c                xTaskIncrementTick
 .text.vTaskSwitchContext
                0x00000000080045e8       0xb8 Middlewares/Third_Party/FreeRTOS/Source/tasks.o
                0x00000000080045e8                vTaskSwitchContext
 .text.vTaskPlaceOnEventList
                0x00000000080046a0       0x48 Middlewares/Third_Party/FreeRTOS/Source/tasks.o
                0x00000000080046a0                vTaskPlaceOnEventList
 .text.vTaskPlaceOnEventListRestricted
                0x00000000080046e8       0x54 Middlewares/Third_Party/FreeRTOS/Source/tasks.o
                0x00000000080046e8                vTaskPlaceOnEventListRestricted
 .text.xTaskRemoveFromEventList
                0x000000000800473c       0xc4 Middlewares/Third_Party/FreeRTOS/Source/tasks.o
                0x000000000800473c                xTaskRemoveFromEventList
 .text.vTaskInternalSetTimeOutState
                0x0000000008004800       0x2c Middlewares/Third_Party/FreeRTOS/Source/tasks.o
                0x0000000008004800                vTaskInternalSetTimeOutState
 .text.xTaskCheckForTimeOut
                0x000000000800482c       0xc0 Middlewares/Third_Party/FreeRTOS/Source/tasks.o
                0x000000000800482c                xTaskCheckForTimeOut
 .text.vTaskMissedYield
                0x00000000080048ec       0x18 Middlewares/Third_Party/FreeRTOS/Source/tasks.o
                0x00000000080048ec                vTaskMissedYield
 .text.prvIdleTask
                0x0000000008004904       0x30 Middlewares/Third_Party/FreeRTOS/Source/tasks.o
 .text.prvInitialiseTaskLists
                0x0000000008004934       0x80 Middlewares/Third_Party/FreeRTOS/Source/tasks.o
 .text.prvCheckTasksWaitingTermination
                0x00000000080049b4       0x58 Middlewares/Third_Party/FreeRTOS/Source/tasks.o
 .text.prvDeleteTCB
                0x0000000008004a0c       0x5c Middlewares/Third_Party/FreeRTOS/Source/tasks.o
 .text.prvResetNextTaskUnblockTime
                0x0000000008004a68       0x4c Middlewares/Third_Party/FreeRTOS/Source/tasks.o
 .text.xTaskGetSchedulerState
                0x0000000008004ab4       0x3c Middlewares/Third_Party/FreeRTOS/Source/tasks.o
                0x0000000008004ab4                xTaskGetSchedulerState
 .text.xTaskPriorityInherit
                0x0000000008004af0       0xdc Middlewares/Third_Party/FreeRTOS/Source/tasks.o
                0x0000000008004af0                xTaskPriorityInherit
 .text.xTaskPriorityDisinherit
                0x0000000008004bcc       0xd8 Middlewares/Third_Party/FreeRTOS/Source/tasks.o
                0x0000000008004bcc                xTaskPriorityDisinherit
 .text.vTaskPriorityDisinheritAfterTimeout
                0x0000000008004ca4      0x108 Middlewares/Third_Party/FreeRTOS/Source/tasks.o
                0x0000000008004ca4                vTaskPriorityDisinheritAfterTimeout
 .text.pvTaskIncrementMutexHeldCount
                0x0000000008004dac       0x28 Middlewares/Third_Party/FreeRTOS/Source/tasks.o
                0x0000000008004dac                pvTaskIncrementMutexHeldCount
 .text.prvAddCurrentTaskToDelayedList
                0x0000000008004dd4       0xa8 Middlewares/Third_Party/FreeRTOS/Source/tasks.o
 .text.xTimerCreateTimerTask
                0x0000000008004e7c       0x90 Middlewares/Third_Party/FreeRTOS/Source/timers.o
                0x0000000008004e7c                xTimerCreateTimerTask
 .text.xTimerGenericCommand
                0x0000000008004f0c       0x98 Middlewares/Third_Party/FreeRTOS/Source/timers.o
                0x0000000008004f0c                xTimerGenericCommand
 .text.prvProcessExpiredTimer
                0x0000000008004fa4       0x80 Middlewares/Third_Party/FreeRTOS/Source/timers.o
 .text.prvTimerTask
                0x0000000008005024       0x24 Middlewares/Third_Party/FreeRTOS/Source/timers.o
 .text.prvProcessTimerOrBlockTask
                0x0000000008005048       0x9c Middlewares/Third_Party/FreeRTOS/Source/timers.o
 .text.prvGetNextExpireTime
                0x00000000080050e4       0x48 Middlewares/Third_Party/FreeRTOS/Source/timers.o
 .text.prvSampleTimeNow
                0x000000000800512c       0x40 Middlewares/Third_Party/FreeRTOS/Source/timers.o
 .text.prvInsertTimerInActiveList
                0x000000000800516c       0x84 Middlewares/Third_Party/FreeRTOS/Source/timers.o
 .text.prvProcessReceivedCommands
                0x00000000080051f0      0x160 Middlewares/Third_Party/FreeRTOS/Source/timers.o
 .text.prvSwitchTimerLists
                0x0000000008005350       0xc0 Middlewares/Third_Party/FreeRTOS/Source/timers.o
 .text.prvCheckForValidListAndQueue
                0x0000000008005410       0x80 Middlewares/Third_Party/FreeRTOS/Source/timers.o
 .text.pxPortInitialiseStack
                0x0000000008005490       0x68 Middlewares/Third_Party/FreeRTOS/Source/portable/GCC/ARM_CM4F/port.o
                0x0000000008005490                pxPortInitialiseStack
 .text.prvTaskExitError
                0x00000000080054f8       0x54 Middlewares/Third_Party/FreeRTOS/Source/portable/GCC/ARM_CM4F/port.o
 *fill*         0x000000000800554c        0x4 
 .text.SVC_Handler
                0x0000000008005550       0x28 Middlewares/Third_Party/FreeRTOS/Source/portable/GCC/ARM_CM4F/port.o
                0x0000000008005550                SVC_Handler
 .text.prvPortStartFirstTask
                0x0000000008005578       0x28 Middlewares/Third_Party/FreeRTOS/Source/portable/GCC/ARM_CM4F/port.o
 .text.xPortStartScheduler
                0x00000000080055a0      0x13c Middlewares/Third_Party/FreeRTOS/Source/portable/GCC/ARM_CM4F/port.o
                0x00000000080055a0                xPortStartScheduler
 .text.vPortEnterCritical
                0x00000000080056dc       0x5c Middlewares/Third_Party/FreeRTOS/Source/portable/GCC/ARM_CM4F/port.o
                0x00000000080056dc                vPortEnterCritical
 .text.vPortExitCritical
                0x0000000008005738       0x50 Middlewares/Third_Party/FreeRTOS/Source/portable/GCC/ARM_CM4F/port.o
                0x0000000008005738                vPortExitCritical
 *fill*         0x0000000008005788        0x8 
 .text.PendSV_Handler
                0x0000000008005790       0x68 Middlewares/Third_Party/FreeRTOS/Source/portable/GCC/ARM_CM4F/port.o
                0x0000000008005790                PendSV_Handler
 .text.xPortSysTickHandler
                0x00000000080057f8       0x40 Middlewares/Third_Party/FreeRTOS/Source/portable/GCC/ARM_CM4F/port.o
                0x00000000080057f8                xPortSysTickHandler
 .text.vPortSetupTimerInterrupt
                0x0000000008005838       0x48 Middlewares/Third_Party/FreeRTOS/Source/portable/GCC/ARM_CM4F/port.o
                0x0000000008005838                vPortSetupTimerInterrupt
 .text.vPortEnableVFP
                0x0000000008005880       0x14 Middlewares/Third_Party/FreeRTOS/Source/portable/GCC/ARM_CM4F/port.o
 .text.vPortValidateInterruptPriority
                0x0000000008005894       0x7c Middlewares/Third_Party/FreeRTOS/Source/portable/GCC/ARM_CM4F/port.o
                0x0000000008005894                vPortValidateInterruptPriority
 .text.pvPortMalloc
                0x0000000008005910      0x11c Middlewares/Third_Party/FreeRTOS/Source/portable/MemMang/heap_2.o
                0x0000000008005910                pvPortMalloc
 .text.vPortFree
                0x0000000008005a2c       0x74 Middlewares/Third_Party/FreeRTOS/Source/portable/MemMang/heap_2.o
                0x0000000008005a2c                vPortFree
 .text.prvHeapInit
                0x0000000008005aa0       0x54 Middlewares/Third_Party/FreeRTOS/Source/portable/MemMang/heap_2.o
 .text.Reset_Handler
                0x0000000008005af4       0x50 Startup/startup_stm32f411vetx.o
                0x0000000008005af4                Reset_Handler
 .text.Default_Handler
                0x0000000008005b44        0x2 Startup/startup_stm32f411vetx.o
                0x0000000008005b44                RTC_Alarm_IRQHandler
                0x0000000008005b44                EXTI2_IRQHandler
                0x0000000008005b44                SPI4_IRQHandler
                0x0000000008005b44                TIM1_CC_IRQHandler
                0x0000000008005b44                DMA2_Stream5_IRQHandler
                0x0000000008005b44                DMA1_Stream5_IRQHandler
                0x0000000008005b44                PVD_IRQHandler
                0x0000000008005b44                SDIO_IRQHandler
                0x0000000008005b44                TAMP_STAMP_IRQHandler
                0x0000000008005b44                EXTI3_IRQHandler
                0x0000000008005b44                TIM1_UP_TIM10_IRQHandler
                0x0000000008005b44                I2C3_ER_IRQHandler
                0x0000000008005b44                I2C2_EV_IRQHandler
                0x0000000008005b44                DMA1_Stream2_IRQHandler
                0x0000000008005b44                FPU_IRQHandler
                0x0000000008005b44                DMA2_Stream2_IRQHandler
                0x0000000008005b44                SPI1_IRQHandler
                0x0000000008005b44                TIM1_BRK_TIM9_IRQHandler
                0x0000000008005b44                DMA2_Stream3_IRQHandler
                0x0000000008005b44                USART6_IRQHandler
                0x0000000008005b44                DMA2_Stream0_IRQHandler
                0x0000000008005b44                TIM4_IRQHandler
                0x0000000008005b44                I2C1_EV_IRQHandler
                0x0000000008005b44                DMA1_Stream6_IRQHandler
                0x0000000008005b44                DMA1_Stream1_IRQHandler
                0x0000000008005b44                RCC_IRQHandler
                0x0000000008005b44                Default_Handler
                0x0000000008005b44                EXTI15_10_IRQHandler
                0x0000000008005b44                ADC_IRQHandler
                0x0000000008005b44                DMA1_Stream7_IRQHandler
                0x0000000008005b44                SPI5_IRQHandler
                0x0000000008005b44                TIM5_IRQHandler
                0x0000000008005b44                DMA2_Stream7_IRQHandler
                0x0000000008005b44                I2C3_EV_IRQHandler
                0x0000000008005b44                EXTI9_5_IRQHandler
                0x0000000008005b44                RTC_WKUP_IRQHandler
                0x0000000008005b44                SPI2_IRQHandler
                0x0000000008005b44                DMA1_Stream0_IRQHandler
                0x0000000008005b44                EXTI4_IRQHandler
                0x0000000008005b44                WWDG_IRQHandler
                0x0000000008005b44                TIM2_IRQHandler
                0x0000000008005b44                OTG_FS_WKUP_IRQHandler
                0x0000000008005b44                TIM1_TRG_COM_TIM11_IRQHandler
                0x0000000008005b44                USART2_IRQHandler
                0x0000000008005b44                I2C2_ER_IRQHandler
                0x0000000008005b44                DMA2_Stream1_IRQHandler
                0x0000000008005b44                FLASH_IRQHandler
                0x0000000008005b44                DMA2_Stream4_IRQHandler
                0x0000000008005b44                USART1_IRQHandler
                0x0000000008005b44                OTG_FS_IRQHandler
                0x0000000008005b44                SPI3_IRQHandler
                0x0000000008005b44                DMA1_Stream4_IRQHandler
                0x0000000008005b44                I2C1_ER_IRQHandler
                0x0000000008005b44                DMA2_Stream6_IRQHandler
                0x0000000008005b44                DMA1_Stream3_IRQHandler
 .text.finalizeHardwareInit
                0x0000000008005b46        0xe TP-ext/finalize_hardware_init.o
                0x0000000008005b46                finalizeHardwareInit
 .text.main     0x0000000008005b54      0x124 TP-src/main.o
                0x0000000008005b54                main
 .text.SystemClock_Config
                0x0000000008005c78       0xd0 TP-src/main.o
                0x0000000008005c78                SystemClock_Config
 .text.MX_NVIC_Init
                0x0000000008005d48       0x28 TP-src/main.o
 .text.MX_I2C1_Init
                0x0000000008005d70       0x5c TP-src/main.o
 .text.MX_SPI1_Init
                0x0000000008005dcc       0x6c TP-src/main.o
 .text.MX_TIM3_Init
                0x0000000008005e38       0xec TP-src/main.o
 .text.MX_USART1_UART_Init
                0x0000000008005f24       0x54 TP-src/main.o
 .text.MX_GPIO_Init
                0x0000000008005f78      0x2a0 TP-src/main.o
 .text.StartDefaultTask
                0x0000000008006218       0x2c TP-src/main.o
                0x0000000008006218                StartDefaultTask
 .text.StartSecondTask
                0x0000000008006244       0x3c TP-src/main.o
                0x0000000008006244                StartSecondTask
 .text.StartThirdTask
                0x0000000008006280       0x44 TP-src/main.o
                0x0000000008006280                StartThirdTask
 .text.ecrire   0x00000000080062c4       0x7c TP-src/main.o
                0x00000000080062c4                ecrire
 .text.HAL_GPIO_EXTI_Callback
                0x0000000008006340       0x2c TP-src/main.o
                0x0000000008006340                HAL_GPIO_EXTI_Callback
 .text.Error_Handler
                0x000000000800636c        0xe TP-src/main.o
                0x000000000800636c                Error_Handler
 *fill*         0x000000000800637a        0x2 
 .text.__libc_init_array
                0x000000000800637c       0x48 /opt/st/stm32cubeide_1.1.0/plugins/com.st.stm32cube.ide.mcu.externaltools.gnu-tools-for-stm32.7-2018-q2-update.linux64_1.0.0.201904181610/tools/bin/../lib/gcc/arm-none-eabi/7.3.1/../../../../arm-none-eabi/lib/thumb/v7e-m/fpv4-sp/hard/libc_nano.a(lib_a-init.o)
                0x000000000800637c                __libc_init_array
 .text.memcpy   0x00000000080063c4       0x16 /opt/st/stm32cubeide_1.1.0/plugins/com.st.stm32cube.ide.mcu.externaltools.gnu-tools-for-stm32.7-2018-q2-update.linux64_1.0.0.201904181610/tools/bin/../lib/gcc/arm-none-eabi/7.3.1/../../../../arm-none-eabi/lib/thumb/v7e-m/fpv4-sp/hard/libc_nano.a(lib_a-memcpy-stub.o)
                0x00000000080063c4                memcpy
 .text.memset   0x00000000080063da       0x10 /opt/st/stm32cubeide_1.1.0/plugins/com.st.stm32cube.ide.mcu.externaltools.gnu-tools-for-stm32.7-2018-q2-update.linux64_1.0.0.201904181610/tools/bin/../lib/gcc/arm-none-eabi/7.3.1/../../../../arm-none-eabi/lib/thumb/v7e-m/fpv4-sp/hard/libc_nano.a(lib_a-memset.o)
                0x00000000080063da                memset
 *(.glue_7)
 .glue_7        0x00000000080063ea        0x0 linker stubs
 *(.glue_7t)
 .glue_7t       0x00000000080063ea        0x0 linker stubs
 *(.eh_frame)
 *fill*         0x00000000080063ea        0x2 
 .eh_frame      0x00000000080063ec        0x0 /opt/st/stm32cubeide_1.1.0/plugins/com.st.stm32cube.ide.mcu.externaltools.gnu-tools-for-stm32.7-2018-q2-update.linux64_1.0.0.201904181610/tools/bin/../lib/gcc/arm-none-eabi/7.3.1/thumb/v7e-m/fpv4-sp/hard/crtbegin.o
 *(.init)
 .init          0x00000000080063ec        0x4 /opt/st/stm32cubeide_1.1.0/plugins/com.st.stm32cube.ide.mcu.externaltools.gnu-tools-for-stm32.7-2018-q2-update.linux64_1.0.0.201904181610/tools/bin/../lib/gcc/arm-none-eabi/7.3.1/thumb/v7e-m/fpv4-sp/hard/crti.o
                0x00000000080063ec                _init
 .init          0x00000000080063f0        0x8 /opt/st/stm32cubeide_1.1.0/plugins/com.st.stm32cube.ide.mcu.externaltools.gnu-tools-for-stm32.7-2018-q2-update.linux64_1.0.0.201904181610/tools/bin/../lib/gcc/arm-none-eabi/7.3.1/thumb/v7e-m/fpv4-sp/hard/crtn.o
 *(.fini)
 .fini          0x00000000080063f8        0x4 /opt/st/stm32cubeide_1.1.0/plugins/com.st.stm32cube.ide.mcu.externaltools.gnu-tools-for-stm32.7-2018-q2-update.linux64_1.0.0.201904181610/tools/bin/../lib/gcc/arm-none-eabi/7.3.1/thumb/v7e-m/fpv4-sp/hard/crti.o
                0x00000000080063f8                _fini
 .fini          0x00000000080063fc        0x8 /opt/st/stm32cubeide_1.1.0/plugins/com.st.stm32cube.ide.mcu.externaltools.gnu-tools-for-stm32.7-2018-q2-update.linux64_1.0.0.201904181610/tools/bin/../lib/gcc/arm-none-eabi/7.3.1/thumb/v7e-m/fpv4-sp/hard/crtn.o
                0x0000000008006404                . = ALIGN (0x4)
                0x0000000008006404                _etext = .

.vfp11_veneer   0x0000000008006404        0x0
 .vfp11_veneer  0x0000000008006404        0x0 linker stubs

.v4_bx          0x0000000008006404        0x0
 .v4_bx         0x0000000008006404        0x0 linker stubs

.iplt           0x0000000008006404        0x0
 .iplt          0x0000000008006404        0x0 /opt/st/stm32cubeide_1.1.0/plugins/com.st.stm32cube.ide.mcu.externaltools.gnu-tools-for-stm32.7-2018-q2-update.linux64_1.0.0.201904181610/tools/bin/../lib/gcc/arm-none-eabi/7.3.1/thumb/v7e-m/fpv4-sp/hard/crtbegin.o

.rodata         0x0000000008006404       0x7c
                0x0000000008006404                . = ALIGN (0x4)
 *(.rodata)
 .rodata        0x0000000008006404        0x5 Middlewares/Third_Party/FreeRTOS/Source/tasks.o
 *fill*         0x0000000008006409        0x3 
 .rodata        0x000000000800640c        0xd Middlewares/Third_Party/FreeRTOS/Source/timers.o
 *fill*         0x0000000008006419        0x3 
 .rodata        0x000000000800641c       0x4a TP-src/main.o
 *(.rodata*)
 *fill*         0x0000000008006466        0x2 
 .rodata.AHBPrescTable
                0x0000000008006468       0x10 Core/Src/system_stm32f4xx.o
                0x0000000008006468                AHBPrescTable
 .rodata.APBPrescTable
                0x0000000008006478        0x8 Core/Src/system_stm32f4xx.o
                0x0000000008006478                APBPrescTable
                0x0000000008006480                . = ALIGN (0x4)

.ARM.extab      0x0000000008006480        0x0
                0x0000000008006480                . = ALIGN (0x4)
 *(.ARM.extab* .gnu.linkonce.armextab.*)
                0x0000000008006480                . = ALIGN (0x4)

.ARM            0x0000000008006480        0x8
                0x0000000008006480                . = ALIGN (0x4)
                0x0000000008006480                __exidx_start = .
 *(.ARM.exidx*)
 .ARM.exidx     0x0000000008006480        0x8 /opt/st/stm32cubeide_1.1.0/plugins/com.st.stm32cube.ide.mcu.externaltools.gnu-tools-for-stm32.7-2018-q2-update.linux64_1.0.0.201904181610/tools/bin/../lib/gcc/arm-none-eabi/7.3.1/thumb/v7e-m/fpv4-sp/hard/libgcc.a(_udivmoddi4.o)
                0x0000000008006488                __exidx_end = .
                0x0000000008006488                . = ALIGN (0x4)

.rel.dyn        0x0000000008006488        0x0
 .rel.iplt      0x0000000008006488        0x0 /opt/st/stm32cubeide_1.1.0/plugins/com.st.stm32cube.ide.mcu.externaltools.gnu-tools-for-stm32.7-2018-q2-update.linux64_1.0.0.201904181610/tools/bin/../lib/gcc/arm-none-eabi/7.3.1/thumb/v7e-m/fpv4-sp/hard/crtbegin.o

.preinit_array  0x0000000008006488        0x0
                0x0000000008006488                . = ALIGN (0x4)
                0x0000000008006488                PROVIDE (__preinit_array_start = .)
 *(.preinit_array*)
                0x0000000008006488                PROVIDE (__preinit_array_end = .)
                0x0000000008006488                . = ALIGN (0x4)

.init_array     0x0000000008006488        0x4
                0x0000000008006488                . = ALIGN (0x4)
                0x0000000008006488                PROVIDE (__init_array_start = .)
 *(SORT_BY_NAME(.init_array.*))
 *(.init_array*)
 .init_array    0x0000000008006488        0x4 /opt/st/stm32cubeide_1.1.0/plugins/com.st.stm32cube.ide.mcu.externaltools.gnu-tools-for-stm32.7-2018-q2-update.linux64_1.0.0.201904181610/tools/bin/../lib/gcc/arm-none-eabi/7.3.1/thumb/v7e-m/fpv4-sp/hard/crtbegin.o
                0x000000000800648c                PROVIDE (__init_array_end = .)
                0x000000000800648c                . = ALIGN (0x4)

.fini_array     0x000000000800648c        0x4
                0x000000000800648c                . = ALIGN (0x4)
                [!provide]                        PROVIDE (__fini_array_start = .)
 *(SORT_BY_NAME(.fini_array.*))
 *(.fini_array*)
 .fini_array    0x000000000800648c        0x4 /opt/st/stm32cubeide_1.1.0/plugins/com.st.stm32cube.ide.mcu.externaltools.gnu-tools-for-stm32.7-2018-q2-update.linux64_1.0.0.201904181610/tools/bin/../lib/gcc/arm-none-eabi/7.3.1/thumb/v7e-m/fpv4-sp/hard/crtbegin.o
                [!provide]                        PROVIDE (__fini_array_end = .)
                0x0000000008006490                . = ALIGN (0x4)
                0x0000000008006490                _sidata = LOADADDR (.data)

.data           0x0000000020000000       0x14 load address 0x0000000008006490
                0x0000000020000000                . = ALIGN (0x4)
                0x0000000020000000                _sdata = .
 *(.data)
 *(.data*)
 .data.SystemCoreClock
                0x0000000020000000        0x4 Core/Src/system_stm32f4xx.o
                0x0000000020000000                SystemCoreClock
 .data.uwTickPrio
                0x0000000020000004        0x4 Drivers/STM32F4xx_HAL_Driver/Src/stm32f4xx_hal.o
                0x0000000020000004                uwTickPrio
 .data.uwTickFreq
                0x0000000020000008        0x1 Drivers/STM32F4xx_HAL_Driver/Src/stm32f4xx_hal.o
                0x0000000020000008                uwTickFreq
 *fill*         0x0000000020000009        0x3 
 .data.uxCriticalNesting
                0x000000002000000c        0x4 Middlewares/Third_Party/FreeRTOS/Source/portable/GCC/ARM_CM4F/port.o
 .data.xFreeBytesRemaining
                0x0000000020000010        0x4 Middlewares/Third_Party/FreeRTOS/Source/portable/MemMang/heap_2.o
                0x0000000020000014                . = ALIGN (0x4)
                0x0000000020000014                _edata = .

.igot.plt       0x0000000020000014        0x0 load address 0x00000000080064a4
 .igot.plt      0x0000000020000014        0x0 /opt/st/stm32cubeide_1.1.0/plugins/com.st.stm32cube.ide.mcu.externaltools.gnu-tools-for-stm32.7-2018-q2-update.linux64_1.0.0.201904181610/tools/bin/../lib/gcc/arm-none-eabi/7.3.1/thumb/v7e-m/fpv4-sp/hard/crtbegin.o
                0x0000000020000014                . = ALIGN (0x4)

.bss            0x0000000020000014     0x1b8c load address 0x00000000080064a4
                0x0000000020000014                _sbss = .
                0x0000000020000014                __bss_start__ = _sbss
 *(.bss)
 .bss           0x0000000020000014       0x1c /opt/st/stm32cubeide_1.1.0/plugins/com.st.stm32cube.ide.mcu.externaltools.gnu-tools-for-stm32.7-2018-q2-update.linux64_1.0.0.201904181610/tools/bin/../lib/gcc/arm-none-eabi/7.3.1/thumb/v7e-m/fpv4-sp/hard/crtbegin.o
 *(.bss*)
 .bss.KernelState
                0x0000000020000030        0x4 Middlewares/Third_Party/FreeRTOS/Source/CMSIS_RTOS_V2/cmsis_os2.o
 .bss.Idle_TCB  0x0000000020000034       0x5c Middlewares/Third_Party/FreeRTOS/Source/CMSIS_RTOS_V2/cmsis_os2.o
 .bss.Idle_Stack
                0x0000000020000090      0x200 Middlewares/Third_Party/FreeRTOS/Source/CMSIS_RTOS_V2/cmsis_os2.o
 .bss.Timer_TCB
                0x0000000020000290       0x5c Middlewares/Third_Party/FreeRTOS/Source/CMSIS_RTOS_V2/cmsis_os2.o
 .bss.Timer_Stack
                0x00000000200002ec      0x400 Middlewares/Third_Party/FreeRTOS/Source/CMSIS_RTOS_V2/cmsis_os2.o
 .bss.pxCurrentTCB
                0x00000000200006ec        0x4 Middlewares/Third_Party/FreeRTOS/Source/tasks.o
                0x00000000200006ec                pxCurrentTCB
 .bss.pxReadyTasksLists
                0x00000000200006f0      0x460 Middlewares/Third_Party/FreeRTOS/Source/tasks.o
 .bss.xDelayedTaskList1
                0x0000000020000b50       0x14 Middlewares/Third_Party/FreeRTOS/Source/tasks.o
 .bss.xDelayedTaskList2
                0x0000000020000b64       0x14 Middlewares/Third_Party/FreeRTOS/Source/tasks.o
 .bss.pxDelayedTaskList
                0x0000000020000b78        0x4 Middlewares/Third_Party/FreeRTOS/Source/tasks.o
 .bss.pxOverflowDelayedTaskList
                0x0000000020000b7c        0x4 Middlewares/Third_Party/FreeRTOS/Source/tasks.o
 .bss.xPendingReadyList
                0x0000000020000b80       0x14 Middlewares/Third_Party/FreeRTOS/Source/tasks.o
 .bss.xTasksWaitingTermination
                0x0000000020000b94       0x14 Middlewares/Third_Party/FreeRTOS/Source/tasks.o
 .bss.uxDeletedTasksWaitingCleanUp
                0x0000000020000ba8        0x4 Middlewares/Third_Party/FreeRTOS/Source/tasks.o
 .bss.xSuspendedTaskList
                0x0000000020000bac       0x14 Middlewares/Third_Party/FreeRTOS/Source/tasks.o
 .bss.uxCurrentNumberOfTasks
                0x0000000020000bc0        0x4 Middlewares/Third_Party/FreeRTOS/Source/tasks.o
 .bss.xTickCount
                0x0000000020000bc4        0x4 Middlewares/Third_Party/FreeRTOS/Source/tasks.o
 .bss.uxTopReadyPriority
                0x0000000020000bc8        0x4 Middlewares/Third_Party/FreeRTOS/Source/tasks.o
 .bss.xSchedulerRunning
                0x0000000020000bcc        0x4 Middlewares/Third_Party/FreeRTOS/Source/tasks.o
 .bss.uxPendedTicks
                0x0000000020000bd0        0x4 Middlewares/Third_Party/FreeRTOS/Source/tasks.o
 .bss.xYieldPending
                0x0000000020000bd4        0x4 Middlewares/Third_Party/FreeRTOS/Source/tasks.o
 .bss.xNumOfOverflows
                0x0000000020000bd8        0x4 Middlewares/Third_Party/FreeRTOS/Source/tasks.o
 .bss.uxTaskNumber
                0x0000000020000bdc        0x4 Middlewares/Third_Party/FreeRTOS/Source/tasks.o
 .bss.xNextTaskUnblockTime
                0x0000000020000be0        0x4 Middlewares/Third_Party/FreeRTOS/Source/tasks.o
 .bss.xIdleTaskHandle
                0x0000000020000be4        0x4 Middlewares/Third_Party/FreeRTOS/Source/tasks.o
 .bss.uxSchedulerSuspended
                0x0000000020000be8        0x4 Middlewares/Third_Party/FreeRTOS/Source/tasks.o
 .bss.xActiveTimerList1
                0x0000000020000bec       0x14 Middlewares/Third_Party/FreeRTOS/Source/timers.o
 .bss.xActiveTimerList2
                0x0000000020000c00       0x14 Middlewares/Third_Party/FreeRTOS/Source/timers.o
 .bss.pxCurrentTimerList
                0x0000000020000c14        0x4 Middlewares/Third_Party/FreeRTOS/Source/timers.o
 .bss.pxOverflowTimerList
                0x0000000020000c18        0x4 Middlewares/Third_Party/FreeRTOS/Source/timers.o
 .bss.xTimerQueue
                0x0000000020000c1c        0x4 Middlewares/Third_Party/FreeRTOS/Source/timers.o
 .bss.xTimerTaskHandle
                0x0000000020000c20        0x4 Middlewares/Third_Party/FreeRTOS/Source/timers.o
 .bss.xLastTime.6729
                0x0000000020000c24        0x4 Middlewares/Third_Party/FreeRTOS/Source/timers.o
 .bss.ucStaticTimerQueueStorage.6780
                0x0000000020000c28       0xa0 Middlewares/Third_Party/FreeRTOS/Source/timers.o
 .bss.xStaticTimerQueue.6779
                0x0000000020000cc8       0x50 Middlewares/Third_Party/FreeRTOS/Source/timers.o
 .bss.ucMaxSysCallPriority
                0x0000000020000d18        0x1 Middlewares/Third_Party/FreeRTOS/Source/portable/GCC/ARM_CM4F/port.o
 *fill*         0x0000000020000d19        0x3 
 .bss.ulMaxPRIGROUPValue
                0x0000000020000d1c        0x4 Middlewares/Third_Party/FreeRTOS/Source/portable/GCC/ARM_CM4F/port.o
 .bss.ucHeap    0x0000000020000d20      0xce4 Middlewares/Third_Party/FreeRTOS/Source/portable/MemMang/heap_2.o
 .bss.xStart    0x0000000020001a04        0x8 Middlewares/Third_Party/FreeRTOS/Source/portable/MemMang/heap_2.o
 .bss.xEnd      0x0000000020001a0c        0x8 Middlewares/Third_Party/FreeRTOS/Source/portable/MemMang/heap_2.o
 .bss.xHeapHasBeenInitialised.6401
                0x0000000020001a14        0x4 Middlewares/Third_Party/FreeRTOS/Source/portable/MemMang/heap_2.o
 *(COMMON)
 COMMON         0x0000000020001a18        0x4 Drivers/STM32F4xx_HAL_Driver/Src/stm32f4xx_hal.o
                0x0000000020001a18                uwTick
 COMMON         0x0000000020001a1c       0x40 Middlewares/Third_Party/FreeRTOS/Source/queue.o
                0x0000000020001a1c                xQueueRegistry
 COMMON         0x0000000020001a5c      0x144 TP-src/main.o
                0x0000000020001a5c                secondTaskHandle
                0x0000000020001a60                defaultTaskHandle
                0x0000000020001a64                hi2c1
                0x0000000020001ab8                xSemaphore
                0x0000000020001abc                htim3
                0x0000000020001afc                thirdTaskHandle
                0x0000000020001b00                huart1
                0x0000000020001b40                hspi1
                0x0000000020001b98                xQueue1
                0x0000000020001b9c                xLEDSemaphore
                0x0000000020001ba0                . = ALIGN (0x4)
                0x0000000020001ba0                _ebss = .
                0x0000000020001ba0                __bss_end__ = _ebss

._user_heap_stack
                0x0000000020001ba0      0x600 load address 0x00000000080064a4
                0x0000000020001ba0                . = ALIGN (0x8)
                [!provide]                        PROVIDE (end = .)
                [!provide]                        PROVIDE (_end = .)
                0x0000000020001da0                . = (. + _Min_Heap_Size)
 *fill*         0x0000000020001ba0      0x200 
                0x00000000200021a0                . = (. + _Min_Stack_Size)
 *fill*         0x0000000020001da0      0x400 
                0x00000000200021a0                . = ALIGN (0x8)

/DISCARD/
 libc.a(*)
 libm.a(*)
 libgcc.a(*)

.ARM.attributes
                0x0000000000000000       0x30
 *(.ARM.attributes)
 .ARM.attributes
                0x0000000000000000       0x22 /opt/st/stm32cubeide_1.1.0/plugins/com.st.stm32cube.ide.mcu.externaltools.gnu-tools-for-stm32.7-2018-q2-update.linux64_1.0.0.201904181610/tools/bin/../lib/gcc/arm-none-eabi/7.3.1/thumb/v7e-m/fpv4-sp/hard/crti.o
 .ARM.attributes
                0x0000000000000022       0x34 /opt/st/stm32cubeide_1.1.0/plugins/com.st.stm32cube.ide.mcu.externaltools.gnu-tools-for-stm32.7-2018-q2-update.linux64_1.0.0.201904181610/tools/bin/../lib/gcc/arm-none-eabi/7.3.1/thumb/v7e-m/fpv4-sp/hard/crtbegin.o
 .ARM.attributes
                0x0000000000000056       0x39 Core/Src/stm32f4xx_hal_msp.o
 .ARM.attributes
                0x000000000000008f       0x39 Core/Src/stm32f4xx_it.o
 .ARM.attributes
                0x00000000000000c8       0x39 Core/Src/system_stm32f4xx.o
 .ARM.attributes
                0x0000000000000101       0x39 Drivers/STM32F4xx_HAL_Driver/Src/stm32f4xx_hal.o
 .ARM.attributes
                0x000000000000013a       0x39 Drivers/STM32F4xx_HAL_Driver/Src/stm32f4xx_hal_cortex.o
 .ARM.attributes
                0x0000000000000173       0x39 Drivers/STM32F4xx_HAL_Driver/Src/stm32f4xx_hal_gpio.o
 .ARM.attributes
                0x00000000000001ac       0x39 Drivers/STM32F4xx_HAL_Driver/Src/stm32f4xx_hal_i2c.o
 .ARM.attributes
                0x00000000000001e5       0x39 Drivers/STM32F4xx_HAL_Driver/Src/stm32f4xx_hal_rcc.o
 .ARM.attributes
                0x000000000000021e       0x39 Drivers/STM32F4xx_HAL_Driver/Src/stm32f4xx_hal_spi.o
 .ARM.attributes
                0x0000000000000257       0x39 Drivers/STM32F4xx_HAL_Driver/Src/stm32f4xx_hal_tim.o
 .ARM.attributes
                0x0000000000000290       0x39 Drivers/STM32F4xx_HAL_Driver/Src/stm32f4xx_hal_tim_ex.o
 .ARM.attributes
                0x00000000000002c9       0x39 Drivers/STM32F4xx_HAL_Driver/Src/stm32f4xx_hal_uart.o
 .ARM.attributes
                0x0000000000000302       0x39 Middlewares/Third_Party/FreeRTOS/Source/CMSIS_RTOS_V2/cmsis_os2.o
 .ARM.attributes
                0x000000000000033b       0x39 Middlewares/Third_Party/FreeRTOS/Source/list.o
 .ARM.attributes
                0x0000000000000374       0x39 Middlewares/Third_Party/FreeRTOS/Source/queue.o
 .ARM.attributes
                0x00000000000003ad       0x39 Middlewares/Third_Party/FreeRTOS/Source/tasks.o
 .ARM.attributes
                0x00000000000003e6       0x39 Middlewares/Third_Party/FreeRTOS/Source/timers.o
 .ARM.attributes
                0x000000000000041f       0x39 Middlewares/Third_Party/FreeRTOS/Source/portable/GCC/ARM_CM4F/port.o
 .ARM.attributes
                0x0000000000000458       0x39 Middlewares/Third_Party/FreeRTOS/Source/portable/MemMang/heap_2.o
 .ARM.attributes
                0x0000000000000491       0x21 Startup/startup_stm32f411vetx.o
 .ARM.attributes
                0x00000000000004b2       0x39 TP-ext/finalize_hardware_init.o
 .ARM.attributes
                0x00000000000004eb       0x39 TP-src/main.o
 .ARM.attributes
                0x0000000000000524       0x34 /opt/st/stm32cubeide_1.1.0/plugins/com.st.stm32cube.ide.mcu.externaltools.gnu-tools-for-stm32.7-2018-q2-update.linux64_1.0.0.201904181610/tools/bin/../lib/gcc/arm-none-eabi/7.3.1/../../../../arm-none-eabi/lib/thumb/v7e-m/fpv4-sp/hard/libc_nano.a(lib_a-init.o)
 .ARM.attributes
                0x0000000000000558       0x34 /opt/st/stm32cubeide_1.1.0/plugins/com.st.stm32cube.ide.mcu.externaltools.gnu-tools-for-stm32.7-2018-q2-update.linux64_1.0.0.201904181610/tools/bin/../lib/gcc/arm-none-eabi/7.3.1/../../../../arm-none-eabi/lib/thumb/v7e-m/fpv4-sp/hard/libc_nano.a(lib_a-memcpy-stub.o)
 .ARM.attributes
                0x000000000000058c       0x34 /opt/st/stm32cubeide_1.1.0/plugins/com.st.stm32cube.ide.mcu.externaltools.gnu-tools-for-stm32.7-2018-q2-update.linux64_1.0.0.201904181610/tools/bin/../lib/gcc/arm-none-eabi/7.3.1/../../../../arm-none-eabi/lib/thumb/v7e-m/fpv4-sp/hard/libc_nano.a(lib_a-memset.o)
 .ARM.attributes
                0x00000000000005c0       0x1b /opt/st/stm32cubeide_1.1.0/plugins/com.st.stm32cube.ide.mcu.externaltools.gnu-tools-for-stm32.7-2018-q2-update.linux64_1.0.0.201904181610/tools/bin/../lib/gcc/arm-none-eabi/7.3.1/../../../../arm-none-eabi/lib/thumb/v7e-m/fpv4-sp/hard/libc_nano.a(lib_a-strlen.o)
 .ARM.attributes
                0x00000000000005db       0x22 /opt/st/stm32cubeide_1.1.0/plugins/com.st.stm32cube.ide.mcu.externaltools.gnu-tools-for-stm32.7-2018-q2-update.linux64_1.0.0.201904181610/tools/bin/../lib/gcc/arm-none-eabi/7.3.1/thumb/v7e-m/fpv4-sp/hard/libgcc.a(_aeabi_uldivmod.o)
 .ARM.attributes
                0x00000000000005fd       0x34 /opt/st/stm32cubeide_1.1.0/plugins/com.st.stm32cube.ide.mcu.externaltools.gnu-tools-for-stm32.7-2018-q2-update.linux64_1.0.0.201904181610/tools/bin/../lib/gcc/arm-none-eabi/7.3.1/thumb/v7e-m/fpv4-sp/hard/libgcc.a(_udivmoddi4.o)
 .ARM.attributes
                0x0000000000000631       0x22 /opt/st/stm32cubeide_1.1.0/plugins/com.st.stm32cube.ide.mcu.externaltools.gnu-tools-for-stm32.7-2018-q2-update.linux64_1.0.0.201904181610/tools/bin/../lib/gcc/arm-none-eabi/7.3.1/thumb/v7e-m/fpv4-sp/hard/libgcc.a(_dvmd_tls.o)
 .ARM.attributes
                0x0000000000000653       0x22 /opt/st/stm32cubeide_1.1.0/plugins/com.st.stm32cube.ide.mcu.externaltools.gnu-tools-for-stm32.7-2018-q2-update.linux64_1.0.0.201904181610/tools/bin/../lib/gcc/arm-none-eabi/7.3.1/thumb/v7e-m/fpv4-sp/hard/crtn.o
OUTPUT(Esisar-TP5.elf elf32-littlearm)

.debug_info     0x0000000000000000    0x1aa2f
 .debug_info    0x0000000000000000     0x13f0 Core/Src/stm32f4xx_hal_msp.o
 .debug_info    0x00000000000013f0      0x6da Core/Src/stm32f4xx_it.o
 .debug_info    0x0000000000001aca      0x52c Core/Src/system_stm32f4xx.o
 .debug_info    0x0000000000001ff6      0x8b5 Drivers/STM32F4xx_HAL_Driver/Src/stm32f4xx_hal.o
 .debug_info    0x00000000000028ab      0xd46 Drivers/STM32F4xx_HAL_Driver/Src/stm32f4xx_hal_cortex.o
 .debug_info    0x00000000000035f1      0x78b Drivers/STM32F4xx_HAL_Driver/Src/stm32f4xx_hal_gpio.o
 .debug_info    0x0000000000003d7c     0x2324 Drivers/STM32F4xx_HAL_Driver/Src/stm32f4xx_hal_i2c.o
 .debug_info    0x00000000000060a0      0x8ce Drivers/STM32F4xx_HAL_Driver/Src/stm32f4xx_hal_rcc.o
 .debug_info    0x000000000000696e     0x15e0 Drivers/STM32F4xx_HAL_Driver/Src/stm32f4xx_hal_spi.o
 .debug_info    0x0000000000007f4e     0x244e Drivers/STM32F4xx_HAL_Driver/Src/stm32f4xx_hal_tim.o
 .debug_info    0x000000000000a39c     0x10fd Drivers/STM32F4xx_HAL_Driver/Src/stm32f4xx_hal_tim_ex.o
 .debug_info    0x000000000000b499     0x11cd Drivers/STM32F4xx_HAL_Driver/Src/stm32f4xx_hal_uart.o
 .debug_info    0x000000000000c666     0x4062 Middlewares/Third_Party/FreeRTOS/Source/CMSIS_RTOS_V2/cmsis_os2.o
 .debug_info    0x00000000000106c8      0xac5 Middlewares/Third_Party/FreeRTOS/Source/list.o
 .debug_info    0x000000000001118d     0x22e8 Middlewares/Third_Party/FreeRTOS/Source/queue.o
 .debug_info    0x0000000000013475     0x294f Middlewares/Third_Party/FreeRTOS/Source/tasks.o
 .debug_info    0x0000000000015dc4     0x1a21 Middlewares/Third_Party/FreeRTOS/Source/timers.o
 .debug_info    0x00000000000177e5      0x533 Middlewares/Third_Party/FreeRTOS/Source/portable/GCC/ARM_CM4F/port.o
 .debug_info    0x0000000000017d18      0xaf4 Middlewares/Third_Party/FreeRTOS/Source/portable/MemMang/heap_2.o
 .debug_info    0x000000000001880c       0x22 Startup/startup_stm32f411vetx.o
 .debug_info    0x000000000001882e       0x3b TP-ext/finalize_hardware_init.o
 .debug_info    0x0000000000018869     0x21c6 TP-src/main.o

.debug_abbrev   0x0000000000000000     0x2eb9
 .debug_abbrev  0x0000000000000000      0x1de Core/Src/stm32f4xx_hal_msp.o
 .debug_abbrev  0x00000000000001de      0x169 Core/Src/stm32f4xx_it.o
 .debug_abbrev  0x0000000000000347      0x111 Core/Src/system_stm32f4xx.o
 .debug_abbrev  0x0000000000000458      0x1f6 Drivers/STM32F4xx_HAL_Driver/Src/stm32f4xx_hal.o
 .debug_abbrev  0x000000000000064e      0x2fa Drivers/STM32F4xx_HAL_Driver/Src/stm32f4xx_hal_cortex.o
 .debug_abbrev  0x0000000000000948      0x1c9 Drivers/STM32F4xx_HAL_Driver/Src/stm32f4xx_hal_gpio.o
 .debug_abbrev  0x0000000000000b11      0x263 Drivers/STM32F4xx_HAL_Driver/Src/stm32f4xx_hal_i2c.o
 .debug_abbrev  0x0000000000000d74      0x245 Drivers/STM32F4xx_HAL_Driver/Src/stm32f4xx_hal_rcc.o
 .debug_abbrev  0x0000000000000fb9      0x240 Drivers/STM32F4xx_HAL_Driver/Src/stm32f4xx_hal_spi.o
 .debug_abbrev  0x00000000000011f9      0x23f Drivers/STM32F4xx_HAL_Driver/Src/stm32f4xx_hal_tim.o
 .debug_abbrev  0x0000000000001438      0x22d Drivers/STM32F4xx_HAL_Driver/Src/stm32f4xx_hal_tim_ex.o
 .debug_abbrev  0x0000000000001665      0x251 Drivers/STM32F4xx_HAL_Driver/Src/stm32f4xx_hal_uart.o
 .debug_abbrev  0x00000000000018b6      0x3a0 Middlewares/Third_Party/FreeRTOS/Source/CMSIS_RTOS_V2/cmsis_os2.o
 .debug_abbrev  0x0000000000001c56      0x1cf Middlewares/Third_Party/FreeRTOS/Source/list.o
 .debug_abbrev  0x0000000000001e25      0x354 Middlewares/Third_Party/FreeRTOS/Source/queue.o
 .debug_abbrev  0x0000000000002179      0x350 Middlewares/Third_Party/FreeRTOS/Source/tasks.o
 .debug_abbrev  0x00000000000024c9      0x2d7 Middlewares/Third_Party/FreeRTOS/Source/timers.o
 .debug_abbrev  0x00000000000027a0      0x210 Middlewares/Third_Party/FreeRTOS/Source/portable/GCC/ARM_CM4F/port.o
 .debug_abbrev  0x00000000000029b0      0x228 Middlewares/Third_Party/FreeRTOS/Source/portable/MemMang/heap_2.o
 .debug_abbrev  0x0000000000002bd8       0x12 Startup/startup_stm32f411vetx.o
 .debug_abbrev  0x0000000000002bea       0x2d TP-ext/finalize_hardware_init.o
 .debug_abbrev  0x0000000000002c17      0x2a2 TP-src/main.o

.debug_aranges  0x0000000000000000     0x1730
 .debug_aranges
                0x0000000000000000       0x68 Core/Src/stm32f4xx_hal_msp.o
 .debug_aranges
                0x0000000000000068       0x68 Core/Src/stm32f4xx_it.o
 .debug_aranges
                0x00000000000000d0       0x28 Core/Src/system_stm32f4xx.o
 .debug_aranges
                0x00000000000000f8       0xf0 Drivers/STM32F4xx_HAL_Driver/Src/stm32f4xx_hal.o
 .debug_aranges
                0x00000000000001e8      0x118 Drivers/STM32F4xx_HAL_Driver/Src/stm32f4xx_hal_cortex.o
 .debug_aranges
                0x0000000000000300       0x58 Drivers/STM32F4xx_HAL_Driver/Src/stm32f4xx_hal_gpio.o
 .debug_aranges
                0x0000000000000358      0x290 Drivers/STM32F4xx_HAL_Driver/Src/stm32f4xx_hal_i2c.o
 .debug_aranges
                0x00000000000005e8       0x88 Drivers/STM32F4xx_HAL_Driver/Src/stm32f4xx_hal_rcc.o
 .debug_aranges
                0x0000000000000670      0x1d0 Drivers/STM32F4xx_HAL_Driver/Src/stm32f4xx_hal_spi.o
 .debug_aranges
                0x0000000000000840      0x3a8 Drivers/STM32F4xx_HAL_Driver/Src/stm32f4xx_hal_tim.o
 .debug_aranges
                0x0000000000000be8      0x150 Drivers/STM32F4xx_HAL_Driver/Src/stm32f4xx_hal_tim_ex.o
 .debug_aranges
                0x0000000000000d38      0x1d0 Drivers/STM32F4xx_HAL_Driver/Src/stm32f4xx_hal_uart.o
 .debug_aranges
                0x0000000000000f08      0x228 Middlewares/Third_Party/FreeRTOS/Source/CMSIS_RTOS_V2/cmsis_os2.o
 .debug_aranges
                0x0000000000001130       0x40 Middlewares/Third_Party/FreeRTOS/Source/list.o
 .debug_aranges
                0x0000000000001170      0x158 Middlewares/Third_Party/FreeRTOS/Source/queue.o
 .debug_aranges
                0x00000000000012c8      0x1f8 Middlewares/Third_Party/FreeRTOS/Source/tasks.o
 .debug_aranges
                0x00000000000014c0       0xe0 Middlewares/Third_Party/FreeRTOS/Source/timers.o
 .debug_aranges
                0x00000000000015a0       0x80 Middlewares/Third_Party/FreeRTOS/Source/portable/GCC/ARM_CM4F/port.o
 .debug_aranges
                0x0000000000001620       0x40 Middlewares/Third_Party/FreeRTOS/Source/portable/MemMang/heap_2.o
 .debug_aranges
                0x0000000000001660       0x28 Startup/startup_stm32f411vetx.o
 .debug_aranges
                0x0000000000001688       0x20 TP-ext/finalize_hardware_init.o
 .debug_aranges
                0x00000000000016a8       0x88 TP-src/main.o

.debug_ranges   0x0000000000000000     0x15f8
 .debug_ranges  0x0000000000000000       0x58 Core/Src/stm32f4xx_hal_msp.o
 .debug_ranges  0x0000000000000058       0x58 Core/Src/stm32f4xx_it.o
 .debug_ranges  0x00000000000000b0       0x18 Core/Src/system_stm32f4xx.o
 .debug_ranges  0x00000000000000c8       0xe0 Drivers/STM32F4xx_HAL_Driver/Src/stm32f4xx_hal.o
 .debug_ranges  0x00000000000001a8      0x108 Drivers/STM32F4xx_HAL_Driver/Src/stm32f4xx_hal_cortex.o
 .debug_ranges  0x00000000000002b0       0x48 Drivers/STM32F4xx_HAL_Driver/Src/stm32f4xx_hal_gpio.o
 .debug_ranges  0x00000000000002f8      0x2a0 Drivers/STM32F4xx_HAL_Driver/Src/stm32f4xx_hal_i2c.o
 .debug_ranges  0x0000000000000598       0x78 Drivers/STM32F4xx_HAL_Driver/Src/stm32f4xx_hal_rcc.o
 .debug_ranges  0x0000000000000610      0x1c0 Drivers/STM32F4xx_HAL_Driver/Src/stm32f4xx_hal_spi.o
 .debug_ranges  0x00000000000007d0      0x398 Drivers/STM32F4xx_HAL_Driver/Src/stm32f4xx_hal_tim.o
 .debug_ranges  0x0000000000000b68      0x140 Drivers/STM32F4xx_HAL_Driver/Src/stm32f4xx_hal_tim_ex.o
 .debug_ranges  0x0000000000000ca8      0x1c0 Drivers/STM32F4xx_HAL_Driver/Src/stm32f4xx_hal_uart.o
 .debug_ranges  0x0000000000000e68      0x218 Middlewares/Third_Party/FreeRTOS/Source/CMSIS_RTOS_V2/cmsis_os2.o
 .debug_ranges  0x0000000000001080       0x30 Middlewares/Third_Party/FreeRTOS/Source/list.o
 .debug_ranges  0x00000000000010b0      0x148 Middlewares/Third_Party/FreeRTOS/Source/queue.o
 .debug_ranges  0x00000000000011f8      0x1e8 Middlewares/Third_Party/FreeRTOS/Source/tasks.o
 .debug_ranges  0x00000000000013e0       0xd0 Middlewares/Third_Party/FreeRTOS/Source/timers.o
 .debug_ranges  0x00000000000014b0       0x70 Middlewares/Third_Party/FreeRTOS/Source/portable/GCC/ARM_CM4F/port.o
 .debug_ranges  0x0000000000001520       0x30 Middlewares/Third_Party/FreeRTOS/Source/portable/MemMang/heap_2.o
 .debug_ranges  0x0000000000001550       0x20 Startup/startup_stm32f411vetx.o
 .debug_ranges  0x0000000000001570       0x10 TP-ext/finalize_hardware_init.o
 .debug_ranges  0x0000000000001580       0x78 TP-src/main.o

.debug_macro    0x0000000000000000     0x3e93
 .debug_macro   0x0000000000000000      0x200 Core/Src/stm32f4xx_hal_msp.o
 .debug_macro   0x0000000000000200      0x28a Core/Src/stm32f4xx_it.o
 .debug_macro   0x000000000000048a      0x11c Core/Src/stm32f4xx_it.o
 .debug_macro   0x00000000000005a6       0x8d Core/Src/stm32f4xx_it.o
 .debug_macro   0x0000000000000633       0x9a Core/Src/stm32f4xx_it.o
 .debug_macro   0x00000000000006cd      0x1f7 Core/Src/system_stm32f4xx.o
 .debug_macro   0x00000000000008c4      0x251 Drivers/STM32F4xx_HAL_Driver/Src/stm32f4xx_hal.o
 .debug_macro   0x0000000000000b15      0x1f1 Drivers/STM32F4xx_HAL_Driver/Src/stm32f4xx_hal_cortex.o
 .debug_macro   0x0000000000000d06      0x227 Drivers/STM32F4xx_HAL_Driver/Src/stm32f4xx_hal_gpio.o
 .debug_macro   0x0000000000000f2d      0x231 Drivers/STM32F4xx_HAL_Driver/Src/stm32f4xx_hal_i2c.o
 .debug_macro   0x000000000000115e      0x215 Drivers/STM32F4xx_HAL_Driver/Src/stm32f4xx_hal_rcc.o
 .debug_macro   0x0000000000001373      0x200 Drivers/STM32F4xx_HAL_Driver/Src/stm32f4xx_hal_spi.o
 .debug_macro   0x0000000000001573      0x1f2 Drivers/STM32F4xx_HAL_Driver/Src/stm32f4xx_hal_tim.o
 .debug_macro   0x0000000000001765      0x1f1 Drivers/STM32F4xx_HAL_Driver/Src/stm32f4xx_hal_tim_ex.o
 .debug_macro   0x0000000000001956      0x1f2 Drivers/STM32F4xx_HAL_Driver/Src/stm32f4xx_hal_uart.o
 .debug_macro   0x0000000000001b48      0x23a Middlewares/Third_Party/FreeRTOS/Source/CMSIS_RTOS_V2/cmsis_os2.o
 .debug_macro   0x0000000000001d82       0x40 Middlewares/Third_Party/FreeRTOS/Source/CMSIS_RTOS_V2/cmsis_os2.o
 .debug_macro   0x0000000000001dc2       0x18 Middlewares/Third_Party/FreeRTOS/Source/CMSIS_RTOS_V2/cmsis_os2.o
 .debug_macro   0x0000000000001dda       0x94 Middlewares/Third_Party/FreeRTOS/Source/CMSIS_RTOS_V2/cmsis_os2.o
 .debug_macro   0x0000000000001e6e       0x3c Middlewares/Third_Party/FreeRTOS/Source/CMSIS_RTOS_V2/cmsis_os2.o
 .debug_macro   0x0000000000001eaa       0x34 Middlewares/Third_Party/FreeRTOS/Source/CMSIS_RTOS_V2/cmsis_os2.o
 .debug_macro   0x0000000000001ede       0x57 Middlewares/Third_Party/FreeRTOS/Source/CMSIS_RTOS_V2/cmsis_os2.o
 .debug_macro   0x0000000000001f35       0x52 Middlewares/Third_Party/FreeRTOS/Source/CMSIS_RTOS_V2/cmsis_os2.o
 .debug_macro   0x0000000000001f87       0x1f Middlewares/Third_Party/FreeRTOS/Source/CMSIS_RTOS_V2/cmsis_os2.o
 .debug_macro   0x0000000000001fa6       0x43 Middlewares/Third_Party/FreeRTOS/Source/CMSIS_RTOS_V2/cmsis_os2.o
 .debug_macro   0x0000000000001fe9       0x20 Middlewares/Third_Party/FreeRTOS/Source/CMSIS_RTOS_V2/cmsis_os2.o
 .debug_macro   0x0000000000002009      0x1a3 Middlewares/Third_Party/FreeRTOS/Source/CMSIS_RTOS_V2/cmsis_os2.o
 .debug_macro   0x00000000000021ac      0x330 Middlewares/Third_Party/FreeRTOS/Source/CMSIS_RTOS_V2/cmsis_os2.o
 .debug_macro   0x00000000000024dc       0x10 Middlewares/Third_Party/FreeRTOS/Source/CMSIS_RTOS_V2/cmsis_os2.o
 .debug_macro   0x00000000000024ec       0x35 Middlewares/Third_Party/FreeRTOS/Source/CMSIS_RTOS_V2/cmsis_os2.o
 .debug_macro   0x0000000000002521       0x20 Middlewares/Third_Party/FreeRTOS/Source/CMSIS_RTOS_V2/cmsis_os2.o
 .debug_macro   0x0000000000002541       0x10 Middlewares/Third_Party/FreeRTOS/Source/CMSIS_RTOS_V2/cmsis_os2.o
 .debug_macro   0x0000000000002551       0x74 Middlewares/Third_Party/FreeRTOS/Source/CMSIS_RTOS_V2/cmsis_os2.o
 .debug_macro   0x00000000000025c5       0xd3 Middlewares/Third_Party/FreeRTOS/Source/CMSIS_RTOS_V2/cmsis_os2.o
 .debug_macro   0x0000000000002698       0x91 Middlewares/Third_Party/FreeRTOS/Source/CMSIS_RTOS_V2/cmsis_os2.o
 .debug_macro   0x0000000000002729      0x17a Middlewares/Third_Party/FreeRTOS/Source/list.o
 .debug_macro   0x00000000000028a3      0x205 Middlewares/Third_Party/FreeRTOS/Source/queue.o
 .debug_macro   0x0000000000002aa8       0x16 Middlewares/Third_Party/FreeRTOS/Source/queue.o
 .debug_macro   0x0000000000002abe      0x27a Middlewares/Third_Party/FreeRTOS/Source/tasks.o
 .debug_macro   0x0000000000002d38       0x10 Middlewares/Third_Party/FreeRTOS/Source/tasks.o
 .debug_macro   0x0000000000002d48      0x1bd Middlewares/Third_Party/FreeRTOS/Source/timers.o
 .debug_macro   0x0000000000002f05      0x196 Middlewares/Third_Party/FreeRTOS/Source/portable/GCC/ARM_CM4F/port.o
 .debug_macro   0x000000000000309b      0x1a7 Middlewares/Third_Party/FreeRTOS/Source/portable/MemMang/heap_2.o
 .debug_macro   0x0000000000003242       0x11 TP-ext/finalize_hardware_init.o
 .debug_macro   0x0000000000003253      0x41b TP-src/main.o
 .debug_macro   0x000000000000366e       0x16 TP-src/main.o
 .debug_macro   0x0000000000003684      0x32a TP-src/main.o
 .debug_macro   0x00000000000039ae       0x10 TP-src/main.o
 .debug_macro   0x00000000000039be       0x10 TP-src/main.o
 .debug_macro   0x00000000000039ce       0x1c TP-src/main.o
 .debug_macro   0x00000000000039ea       0x52 TP-src/main.o
 .debug_macro   0x0000000000003a3c       0x40 TP-src/main.o
 .debug_macro   0x0000000000003a7c       0x10 TP-src/main.o
 .debug_macro   0x0000000000003a8c       0x40 TP-src/main.o
 .debug_macro   0x0000000000003acc       0xd7 TP-src/main.o
 .debug_macro   0x0000000000003ba3       0x1c TP-src/main.o
 .debug_macro   0x0000000000003bbf       0x3d TP-src/main.o
 .debug_macro   0x0000000000003bfc       0x16 TP-src/main.o
 .debug_macro   0x0000000000003c12      0x145 TP-src/main.o
 .debug_macro   0x0000000000003d57       0x5f TP-src/main.o
 .debug_macro   0x0000000000003db6       0xdd TP-src/main.o

.debug_line     0x0000000000000000    0x10906
 .debug_line    0x0000000000000000      0x7be Core/Src/stm32f4xx_hal_msp.o
 .debug_line    0x00000000000007be      0x8b9 Core/Src/stm32f4xx_it.o
 .debug_line    0x0000000000001077      0x706 Core/Src/system_stm32f4xx.o
 .debug_line    0x000000000000177d      0x8e7 Drivers/STM32F4xx_HAL_Driver/Src/stm32f4xx_hal.o
 .debug_line    0x0000000000002064      0xa0e Drivers/STM32F4xx_HAL_Driver/Src/stm32f4xx_hal_cortex.o
 .debug_line    0x0000000000002a72      0x88d Drivers/STM32F4xx_HAL_Driver/Src/stm32f4xx_hal_gpio.o
 .debug_line    0x00000000000032ff     0x1aca Drivers/STM32F4xx_HAL_Driver/Src/stm32f4xx_hal_i2c.o
 .debug_line    0x0000000000004dc9      0x92e Drivers/STM32F4xx_HAL_Driver/Src/stm32f4xx_hal_rcc.o
 .debug_line    0x00000000000056f7     0x109b Drivers/STM32F4xx_HAL_Driver/Src/stm32f4xx_hal_spi.o
 .debug_line    0x0000000000006792     0x178f Drivers/STM32F4xx_HAL_Driver/Src/stm32f4xx_hal_tim.o
 .debug_line    0x0000000000007f21      0xcee Drivers/STM32F4xx_HAL_Driver/Src/stm32f4xx_hal_tim_ex.o
 .debug_line    0x0000000000008c0f      0xfe1 Drivers/STM32F4xx_HAL_Driver/Src/stm32f4xx_hal_uart.o
 .debug_line    0x0000000000009bf0     0x1e00 Middlewares/Third_Party/FreeRTOS/Source/CMSIS_RTOS_V2/cmsis_os2.o
 .debug_line    0x000000000000b9f0      0x63f Middlewares/Third_Party/FreeRTOS/Source/list.o
 .debug_line    0x000000000000c02f     0x10ca Middlewares/Third_Party/FreeRTOS/Source/queue.o
 .debug_line    0x000000000000d0f9     0x1416 Middlewares/Third_Party/FreeRTOS/Source/tasks.o
 .debug_line    0x000000000000e50f      0x9f6 Middlewares/Third_Party/FreeRTOS/Source/timers.o
 .debug_line    0x000000000000ef05      0x67f Middlewares/Third_Party/FreeRTOS/Source/portable/GCC/ARM_CM4F/port.o
 .debug_line    0x000000000000f584      0x693 Middlewares/Third_Party/FreeRTOS/Source/portable/MemMang/heap_2.o
 .debug_line    0x000000000000fc17       0x81 Startup/startup_stm32f411vetx.o
 .debug_line    0x000000000000fc98       0x51 TP-ext/finalize_hardware_init.o
 .debug_line    0x000000000000fce9      0xc1d TP-src/main.o

.debug_str      0x0000000000000000    0x9a2b4
 .debug_str     0x0000000000000000    0x8888e Core/Src/stm32f4xx_hal_msp.o
                                      0x88c29 (size before relaxing)
 .debug_str     0x000000000008888e     0x4b1b Core/Src/stm32f4xx_it.o
                                      0x8cba5 (size before relaxing)
 .debug_str     0x000000000008d3a9       0xc4 Core/Src/system_stm32f4xx.o
                                      0x8778b (size before relaxing)
 .debug_str     0x000000000008d46d      0x627 Drivers/STM32F4xx_HAL_Driver/Src/stm32f4xx_hal.o
                                      0x88174 (size before relaxing)
 .debug_str     0x000000000008da94      0x392 Drivers/STM32F4xx_HAL_Driver/Src/stm32f4xx_hal_cortex.o
                                      0x87edd (size before relaxing)
 .debug_str     0x000000000008de26      0x228 Drivers/STM32F4xx_HAL_Driver/Src/stm32f4xx_hal_gpio.o
                                      0x879ca (size before relaxing)
 .debug_str     0x000000000008e04e      0xa51 Drivers/STM32F4xx_HAL_Driver/Src/stm32f4xx_hal_i2c.o
                                      0x8869f (size before relaxing)
 .debug_str     0x000000000008ea9f      0x358 Drivers/STM32F4xx_HAL_Driver/Src/stm32f4xx_hal_rcc.o
                                      0x87b6d (size before relaxing)
 .debug_str     0x000000000008edf7      0x545 Drivers/STM32F4xx_HAL_Driver/Src/stm32f4xx_hal_spi.o
                                      0x87fe7 (size before relaxing)
 .debug_str     0x000000000008f33c      0xd5b Drivers/STM32F4xx_HAL_Driver/Src/stm32f4xx_hal_tim.o
                                      0x88885 (size before relaxing)
 .debug_str     0x0000000000090097      0x4ec Drivers/STM32F4xx_HAL_Driver/Src/stm32f4xx_hal_tim_ex.o
                                      0x88085 (size before relaxing)
 .debug_str     0x0000000000090583      0x502 Drivers/STM32F4xx_HAL_Driver/Src/stm32f4xx_hal_uart.o
                                      0x87fac (size before relaxing)
 .debug_str     0x0000000000090a85     0x4bf6 Middlewares/Third_Party/FreeRTOS/Source/CMSIS_RTOS_V2/cmsis_os2.o
                                       0xdf58 (size before relaxing)
 .debug_str     0x000000000009567b      0x225 Middlewares/Third_Party/FreeRTOS/Source/list.o
                                       0xa3b9 (size before relaxing)
 .debug_str     0x00000000000958a0      0x8fd Middlewares/Third_Party/FreeRTOS/Source/queue.o
                                       0xbbdf (size before relaxing)
 .debug_str     0x000000000009619d     0x12f3 Middlewares/Third_Party/FreeRTOS/Source/tasks.o
                                       0xc7f5 (size before relaxing)
 .debug_str     0x0000000000097490      0x586 Middlewares/Third_Party/FreeRTOS/Source/timers.o
                                       0xc101 (size before relaxing)
 .debug_str     0x0000000000097a16      0x817 Middlewares/Third_Party/FreeRTOS/Source/portable/GCC/ARM_CM4F/port.o
                                       0x80b6 (size before relaxing)
 .debug_str     0x000000000009822d      0x36b Middlewares/Third_Party/FreeRTOS/Source/portable/MemMang/heap_2.o
                                       0xabf6 (size before relaxing)
 .debug_str     0x0000000000098598       0x31 Startup/startup_stm32f411vetx.o
                                         0x59 (size before relaxing)
 .debug_str     0x00000000000985c9       0x38 TP-ext/finalize_hardware_init.o
                                       0x2d01 (size before relaxing)
 .debug_str     0x0000000000098601     0x1cb3 TP-src/main.o
                                      0x91d6d (size before relaxing)

.comment        0x0000000000000000       0x7b
 .comment       0x0000000000000000       0x7b Core/Src/stm32f4xx_hal_msp.o
                                         0x7c (size before relaxing)
 .comment       0x000000000000007b       0x7c Core/Src/stm32f4xx_it.o
 .comment       0x000000000000007b       0x7c Core/Src/system_stm32f4xx.o
 .comment       0x000000000000007b       0x7c Drivers/STM32F4xx_HAL_Driver/Src/stm32f4xx_hal.o
 .comment       0x000000000000007b       0x7c Drivers/STM32F4xx_HAL_Driver/Src/stm32f4xx_hal_cortex.o
 .comment       0x000000000000007b       0x7c Drivers/STM32F4xx_HAL_Driver/Src/stm32f4xx_hal_gpio.o
 .comment       0x000000000000007b       0x7c Drivers/STM32F4xx_HAL_Driver/Src/stm32f4xx_hal_i2c.o
 .comment       0x000000000000007b       0x7c Drivers/STM32F4xx_HAL_Driver/Src/stm32f4xx_hal_rcc.o
 .comment       0x000000000000007b       0x7c Drivers/STM32F4xx_HAL_Driver/Src/stm32f4xx_hal_spi.o
 .comment       0x000000000000007b       0x7c Drivers/STM32F4xx_HAL_Driver/Src/stm32f4xx_hal_tim.o
 .comment       0x000000000000007b       0x7c Drivers/STM32F4xx_HAL_Driver/Src/stm32f4xx_hal_tim_ex.o
 .comment       0x000000000000007b       0x7c Drivers/STM32F4xx_HAL_Driver/Src/stm32f4xx_hal_uart.o
 .comment       0x000000000000007b       0x7c Middlewares/Third_Party/FreeRTOS/Source/CMSIS_RTOS_V2/cmsis_os2.o
 .comment       0x000000000000007b       0x7c Middlewares/Third_Party/FreeRTOS/Source/list.o
 .comment       0x000000000000007b       0x7c Middlewares/Third_Party/FreeRTOS/Source/queue.o
 .comment       0x000000000000007b       0x7c Middlewares/Third_Party/FreeRTOS/Source/tasks.o
 .comment       0x000000000000007b       0x7c Middlewares/Third_Party/FreeRTOS/Source/timers.o
 .comment       0x000000000000007b       0x7c Middlewares/Third_Party/FreeRTOS/Source/portable/GCC/ARM_CM4F/port.o
 .comment       0x000000000000007b       0x7c Middlewares/Third_Party/FreeRTOS/Source/portable/MemMang/heap_2.o
 .comment       0x000000000000007b       0x7c TP-ext/finalize_hardware_init.o
 .comment       0x000000000000007b       0x7c TP-src/main.o

.debug_frame    0x0000000000000000     0x6334
 .debug_frame   0x0000000000000000      0x178 Core/Src/stm32f4xx_hal_msp.o
 .debug_frame   0x0000000000000178      0x120 Core/Src/stm32f4xx_it.o
 .debug_frame   0x0000000000000298       0x58 Core/Src/system_stm32f4xx.o
 .debug_frame   0x00000000000002f0      0x374 Drivers/STM32F4xx_HAL_Driver/Src/stm32f4xx_hal.o
 .debug_frame   0x0000000000000664      0x498 Drivers/STM32F4xx_HAL_Driver/Src/stm32f4xx_hal_cortex.o
 .debug_frame   0x0000000000000afc      0x14c Drivers/STM32F4xx_HAL_Driver/Src/stm32f4xx_hal_gpio.o
 .debug_frame   0x0000000000000c48      0xc10 Drivers/STM32F4xx_HAL_Driver/Src/stm32f4xx_hal_i2c.o
 .debug_frame   0x0000000000001858      0x1f0 Drivers/STM32F4xx_HAL_Driver/Src/stm32f4xx_hal_rcc.o
 .debug_frame   0x0000000000001a48      0x824 Drivers/STM32F4xx_HAL_Driver/Src/stm32f4xx_hal_spi.o
 .debug_frame   0x000000000000226c     0x10e8 Drivers/STM32F4xx_HAL_Driver/Src/stm32f4xx_hal_tim.o
 .debug_frame   0x0000000000003354      0x5c0 Drivers/STM32F4xx_HAL_Driver/Src/stm32f4xx_hal_tim_ex.o
 .debug_frame   0x0000000000003914      0x83c Drivers/STM32F4xx_HAL_Driver/Src/stm32f4xx_hal_uart.o
 .debug_frame   0x0000000000004150      0x980 Middlewares/Third_Party/FreeRTOS/Source/CMSIS_RTOS_V2/cmsis_os2.o
 .debug_frame   0x0000000000004ad0       0xd8 Middlewares/Third_Party/FreeRTOS/Source/list.o
 .debug_frame   0x0000000000004ba8      0x5ec Middlewares/Third_Party/FreeRTOS/Source/queue.o
 .debug_frame   0x0000000000005194      0x8a8 Middlewares/Third_Party/FreeRTOS/Source/tasks.o
 .debug_frame   0x0000000000005a3c      0x3b4 Middlewares/Third_Party/FreeRTOS/Source/timers.o
 .debug_frame   0x0000000000005df0      0x1a8 Middlewares/Third_Party/FreeRTOS/Source/portable/GCC/ARM_CM4F/port.o
 .debug_frame   0x0000000000005f98       0xc0 Middlewares/Third_Party/FreeRTOS/Source/portable/MemMang/heap_2.o
 .debug_frame   0x0000000000006058       0x30 TP-ext/finalize_hardware_init.o
 .debug_frame   0x0000000000006088      0x1d8 TP-src/main.o
 .debug_frame   0x0000000000006260       0x2c /opt/st/stm32cubeide_1.1.0/plugins/com.st.stm32cube.ide.mcu.externaltools.gnu-tools-for-stm32.7-2018-q2-update.linux64_1.0.0.201904181610/tools/bin/../lib/gcc/arm-none-eabi/7.3.1/../../../../arm-none-eabi/lib/thumb/v7e-m/fpv4-sp/hard/libc_nano.a(lib_a-init.o)
 .debug_frame   0x000000000000628c       0x28 /opt/st/stm32cubeide_1.1.0/plugins/com.st.stm32cube.ide.mcu.externaltools.gnu-tools-for-stm32.7-2018-q2-update.linux64_1.0.0.201904181610/tools/bin/../lib/gcc/arm-none-eabi/7.3.1/../../../../arm-none-eabi/lib/thumb/v7e-m/fpv4-sp/hard/libc_nano.a(lib_a-memcpy-stub.o)
 .debug_frame   0x00000000000062b4       0x20 /opt/st/stm32cubeide_1.1.0/plugins/com.st.stm32cube.ide.mcu.externaltools.gnu-tools-for-stm32.7-2018-q2-update.linux64_1.0.0.201904181610/tools/bin/../lib/gcc/arm-none-eabi/7.3.1/../../../../arm-none-eabi/lib/thumb/v7e-m/fpv4-sp/hard/libc_nano.a(lib_a-memset.o)
 .debug_frame   0x00000000000062d4       0x2c /opt/st/stm32cubeide_1.1.0/plugins/com.st.stm32cube.ide.mcu.externaltools.gnu-tools-for-stm32.7-2018-q2-update.linux64_1.0.0.201904181610/tools/bin/../lib/gcc/arm-none-eabi/7.3.1/thumb/v7e-m/fpv4-sp/hard/libgcc.a(_aeabi_uldivmod.o)
 .debug_frame   0x0000000000006300       0x34 /opt/st/stm32cubeide_1.1.0/plugins/com.st.stm32cube.ide.mcu.externaltools.gnu-tools-for-stm32.7-2018-q2-update.linux64_1.0.0.201904181610/tools/bin/../lib/gcc/arm-none-eabi/7.3.1/thumb/v7e-m/fpv4-sp/hard/libgcc.a(_udivmoddi4.o)
