main.c:108:5:main	120	static
main.c:214:6:SystemClock_Config	88	static
main.c:256:13:MX_NVIC_Init	8	static
main.c:272:13:MX_I2C1_Init	8	static
main.c:306:13:MX_SPI1_Init	8	static
main.c:344:13:MX_TIM3_Init	64	static
main.c:402:13:MX_USART1_UART_Init	8	static
main.c:435:13:MX_GPIO_Init	56	static
main.c:572:6:StartDefaultTask	16	static
main.c:585:6:StartSecondTask	16	static
main.c:601:6:StartThirdTask	272	static
main.c:615:6:ecrire	280	static
main.c:628:6:HAL_GPIO_EXTI_Callback	24	static
main.c:646:6:Error_Handler	4	static
